Microchip MPLAB XC8 Compiler V2.31

Linker command line:

-W-3 --edf=C:\Program Files\Microchip\xc8\v2.31\pic\dat\en_msgs.txt -cn \
  -h+dist/default/debug\Storm.X.debug.sym \
  --cmf=dist/default/debug\Storm.X.debug.cmf -z -Q18F2520 \
  -oC:\Users\harms\AppData\Local\Temp\s84k.2 --defsym=__MPLAB_BUILD=1 \
  -Mdist/default/debug/Storm.X.debug.map -E1 -ver=XC8 Compiler --acfsm=1493 \
  -ASTACK=080h-05F3h -pstack=STACK -ACODE=00h-07DBFh -ACONST=00h-07DBFh \
  -ASMALLCONST=0600h-06FFhx119,07D00h-07DBFh -AMEDIUMCONST=0600h-07DBFh \
  -ACOMRAM=01h-07Fh -AABS1=00h-05F3h -ABIGRAM=01h-05F3h \
  -ARAM=080h-0FFh,0100h-01FFhx4,0500h-05F3h -ABANK0=080h-0FFh \
  -ABANK1=0100h-01FFh -ABANK2=0200h-02FFh -ABANK3=0300h-03FFh \
  -ABANK4=0400h-04FFh -ABANK5=0500h-05F3h \
  -ASFR=0F80h-0F9Bh,0F9Dh-0FD3h,0FD5h-0FDAh,0FE0h-0FE2h,0FE8h-0FEAh,0FF0h-0FFCh \
  -ACONFIG=0300000h-030000Dh -AIDLOC=0200000h-0200007h \
  -AEEDATA=0F00000h-0F000FFh -peeprom_data=EEDATA \
  -preset_vec=00h,intcode,intcodelo,powerup,init -pramtop=0600h \
  -psmallconst=SMALLCONST -pmediumconst=MEDIUMCONST -pconst=CONST \
  -AFARRAM=00h-00h \
  -prdata=COMRAM,nvrram=COMRAM,nvbit=COMRAM,rbss=COMRAM,rbit=COMRAM \
  -pfarbss=FARRAM,fardata=FARRAM,nvFARRAM=FARRAM \
  -pintsave_regs=BIGRAM,bigbss=BIGRAM,bigdata=BIGRAM -pbss=RAM \
  -pidata=CODE,irdata=CODE,ibigdata=CODE,ifardata=CODE -prparam=COMRAM \
  C:\Users\harms\AppData\Local\Temp\s84k.o \
  dist/default/debug\Storm.X.debug.o 

Object code version is 3.11

Machine type is 18F2520



                Name                               Link     Load   Length Selector   Space Scale
C:\Users\harms\AppData\Local\Temp\s84k.o
                idloc                            200000   200000        8        0       5
                config                           300000   300000        E        0       4
                init                                  0        0        4        0       0
dist/default/debug\Storm.X.debug.o
                idloc                            200000   200000        8        0       5
                config                           300000   300000        E        0       4
                smallconst                          600      600       2E      300       0
                text19                              AF6      AF6       22      317       0
                text18                              B88      B88        C      317       0
                text17                              B44      B44       16      317       0
                text16                              BB6      BB6        6      317       0
                text15                              9EE      9EE       62      317       0
                text14                              B5A      B5A       14      317       0
                text13                              B2E      B2E       16      317       0
                text12                              A9E      A9E       30      317       0
                text11                              A50      A50       4E      317       0
                text10                              B94      B94        A      317       0
                text9                               B6E      B6E        E      317       0
                text8                               BAE      BAE        8      317       0
                text7                               BA6      BA6        8      317       0
                text6                               B9E      B9E        8      317       0
                text5                               B7C      B7C        C      317       0
                text4                               ACE      ACE       28      317       0
                text3                               916      916       74      317       0
                text2                               98A      98A       64      317       0
                text1                               7B2      7B2      164      317       0
                text0                               62E      62E      184      317       0
                cstackCOMRAM                          1        1       51        1       1
                bssCOMRAM                            52       52        E        1       1
                cinit                               B18      B18       16      317       0

TOTAL           Name                               Link     Load   Length     Space
        CLASS   STACK          

        CLASS   CODE           
                init                                  0        0        4         0
                text19                              AF6      AF6       22         0
                text18                              B88      B88        C         0
                text17                              B44      B44       16         0
                text16                              BB6      BB6        6         0
                text15                              9EE      9EE       62         0
                text14                              B5A      B5A       14         0
                text13                              B2E      B2E       16         0
                text12                              A9E      A9E       30         0
                text11                              A50      A50       4E         0
                text10                              B94      B94        A         0
                text9                               B6E      B6E        E         0
                text8                               BAE      BAE        8         0
                text7                               BA6      BA6        8         0
                text6                               B9E      B9E        8         0
                text5                               B7C      B7C        C         0
                text4                               ACE      ACE       28         0
                text3                               916      916       74         0
                text2                               98A      98A       64         0
                text1                               7B2      7B2      164         0
                text0                               62E      62E      184         0
                cinit                               B18      B18       16         0

        CLASS   CONST          

        CLASS   SMALLCONST     
                smallconst                          600      600       2E         0

        CLASS   MEDIUMCONST    

        CLASS   COMRAM         
                cstackCOMRAM                          1        1       51         1
                bssCOMRAM                            52       52        E         1

        CLASS   ABS1           

        CLASS   BIGRAM         

        CLASS   RAM            

        CLASS   BANK0          

        CLASS   BANK1          

        CLASS   BANK2          

        CLASS   BANK3          

        CLASS   BANK4          

        CLASS   BANK5          

        CLASS   SFR            

        CLASS   CONFIG         
                config                           300000   300000        E         4

        CLASS   IDLOC          
                idloc                            200000   200000        8         5

        CLASS   EEDATA         

        CLASS   FARRAM         



SEGMENTS        Name                           Load    Length   Top    Selector   Space  Class

                reset_vec                      000000  000004  000004         0       0  CODE    
                cstackCOMRAM                   000001  00005F  000060         1       1  COMRAM  
                smallconst                     000600  00002E  00062E       300       0  SMALLCON
                text0                          00062E  00058E  000BBC       317       0  CODE    


UNUSED ADDRESS RANGES

        Name                Unused          Largest block    Delta
        BANK0            000080-0000FF               80
        BANK1            000100-0001FF              100
        BANK2            000200-0002FF              100
        BANK3            000300-0003FF              100
        BANK4            000400-0004FF              100
        BANK5            000500-0005F3               F4
        BIGRAM           000060-0005F3              594
        CODE             000004-0005FF              5FC
                         000BBC-007DBF             7204
        COMRAM           000060-00007F               20
        CONST            000004-0005FF              5FC
                         000BBC-007DBF             7204
        EEDATA           F00000-F000FF              100
        MEDIUMCONST      000BBC-007DBF             7204
        RAM              000080-0005F3              100
        SFR              000F80-000F9B               1C
                         000F9D-000FD3               37
                         000FD5-000FDA                6
                         000FE0-000FE2                3
                         000FE8-000FEA                3
                         000FF0-000FFC                D
        SMALLCONST       000BBC-007DBF              100
        STACK            000080-0005F3              574

                                  Symbol Table

?_Read_ADC                 cstackCOMRAM 000001
?___lwdiv                  cstackCOMRAM 000001
?___lwmod                  cstackCOMRAM 000008
?_sprintf                  cstackCOMRAM 00000D
Read_ADC@channel           cstackCOMRAM 000007
Read_ADC@result            cstackCOMRAM 000005
UART_Init@baud_rate        cstackCOMRAM 000001
UART_send_char@bt          cstackCOMRAM 000001
UART_send_string@st_pt     cstackCOMRAM 000002
_ACKDT                     (abs)        007E2D
_ACKEN                     (abs)        007E2C
_ADC                       bssCOMRAM    000052
_ADCON0bits                (abs)        000FC2
_ADCON1bits                (abs)        000FC1
_ADCON2bits                (abs)        000FC0
_ADC_intialize             text19       000AF6
_ADRESH                    (abs)        000FC4
_ADRESL                    (abs)        000FC3
_BAUDCONbits               (abs)        000FB8
_CLK_intialize             text18       000B88
_EEADR                     (abs)        000FA9
_EECON1                    (abs)        000FA6
_EECON1bits                (abs)        000FA6
_EECON2                    (abs)        000FA7
_EEDATA                    (abs)        000FA8
_INTCONbits                (abs)        000FF2
_IPEN                      (abs)        007E87
_InitI2C                   text17       000B44
_LATA4                     (abs)        007C4C
_LATA5                     (abs)        007C4D
_LATA6                     (abs)        007C4E
_OSCCONbits                (abs)        000FD3
_PEN                       (abs)        007E2A
_PIR1bits                  (abs)        000F9E
_PIR2bits                  (abs)        000FA1
_PORT_Initialize           text16       000BB6
_RCEN                      (abs)        007E2B
_RCIF                      (abs)        007CF5
_RCREG                     (abs)        000FAE
_RCSTAbits                 (abs)        000FAB
_RSEN                      (abs)        007E29
_Read_ADC                  text15       0009EE
_SEN                       (abs)        007E28
_SPBRG                     (abs)        000FAF
_SPBRGH                    (abs)        000FB0
_SSPADD                    (abs)        000FC8
_SSPBUF                    (abs)        000FC9
_SSPCON1bits               (abs)        000FC6
_SSPCON2                   (abs)        000FC5
_SSPCON2bits               (abs)        000FC5
_SSPIF                     (abs)        007CF3
_SSPSTAT                   (abs)        000FC7
_T1CONbits                 (abs)        000FCD
_TMR1H                     (abs)        000FCF
_TMR1L                     (abs)        000FCE
_TRISA1                    (abs)        007C91
_TRISA2                    (abs)        007C92
_TRISB0                    (abs)        007C98
_TRISB1                    (abs)        007C99
_TRISC3                    (abs)        007CA3
_TRISC4                    (abs)        007CA4
_TRISC6                    (abs)        007CA6
_TRISC7                    (abs)        007CA7
_TXIF                      (abs)        007CF4
_TXREG                     (abs)        000FAD
_TXSTAbits                 (abs)        000FAC
_UART_Init                 text14       000B5A
_UART_send_char            text13       000B2E
_UART_send_string          text12       000A9E
__HRAM                     (abs)        000000
__Habs1                    abs1         000000
__Hbank0                   bank0        000000
__Hbank1                   bank1        000000
__Hbank2                   bank2        000000
__Hbank3                   bank3        000000
__Hbank4                   bank4        000000
__Hbank5                   bank5        000000
__Hbigbss                  bigbss       000000
__Hbigdata                 bigdata      000000
__Hbigram                  bigram       000000
__Hbss                     bss          000000
__HbssCOMRAM               bssCOMRAM    000000
__Hcinit                   cinit        000000
__Hclrtext                 clrtext      000000
__Hcomram                  comram       000000
__Hconfig                  config       30000E
__Hconst                   const        000000
__HcstackCOMRAM            cstackCOMRAM 000000
__Hdata                    data         000000
__Heeprom_data             eeprom_data  000000
__Hfarbss                  farbss       000000
__Hfardata                 fardata      000000
__Hibigdata                ibigdata     000000
__Hidata                   idata        000000
__Hidloc                   idloc        200008
__Hifardata                ifardata     000000
__Hinit                    init         000004
__Hintcode                 intcode      000000
__Hintcode_body            intcode_body 000000
__Hintcodelo               intcodelo    000000
__Hintentry                intentry     000000
__Hintret                  intret       000000
__Hintsave_regs            intsave_regs 000000
__Hirdata                  irdata       000000
__Hmediumconst             mediumconst  000000
__HnvFARRAM                nvFARRAM     000000
__Hnvbit                   nvbit        000000
__Hnvrram                  nvrram       000000
__Hparam                   rparam       000000
__Hpowerup                 powerup      000000
__Hram                     ram          000000
__Hramtop                  ramtop       000600
__Hrbit                    rbit         000000
__Hrbss                    rbss         000000
__Hrdata                   rdata        000000
__Hreset_vec               reset_vec    000000
__Hrparam                  rparam       000000
__Hsfr                     sfr          000000
__Hsmallconst              smallconst   00062E
__Hspace_0                 (abs)        000BBC
__Hspace_1                 (abs)        000060
__Hspace_2                 (abs)        000000
__Hspace_4                 (abs)        60000E
__Hstack                   stack        000000
__Hstruct                  struct       000000
__Htemp                    temp         000000
__Htext                    text         000000
__Htext0                   text0        000000
__Htext1                   text1        000000
__Htext10                  text10       000000
__Htext11                  text11       000000
__Htext12                  text12       000000
__Htext13                  text13       000000
__Htext14                  text14       000000
__Htext15                  text15       000000
__Htext16                  text16       000000
__Htext17                  text17       000000
__Htext18                  text18       000000
__Htext19                  text19       000000
__Htext2                   text2        000000
__Htext3                   text3        000000
__Htext4                   text4        000000
__Htext5                   text5        000000
__Htext6                   text6        000000
__Htext7                   text7        000000
__Htext8                   text8        000000
__Htext9                   text9        000000
__LRAM                     (abs)        000001
__Labs1                    abs1         000000
__Lbank0                   bank0        000000
__Lbank1                   bank1        000000
__Lbank2                   bank2        000000
__Lbank3                   bank3        000000
__Lbank4                   bank4        000000
__Lbank5                   bank5        000000
__Lbigbss                  bigbss       000000
__Lbigdata                 bigdata      000000
__Lbigram                  bigram       000000
__Lbss                     bss          000000
__LbssCOMRAM               bssCOMRAM    000000
__Lcinit                   cinit        000000
__Lclrtext                 clrtext      000000
__Lcomram                  comram       000000
__Lconfig                  config       000000
__Lconst                   const        000000
__LcstackCOMRAM            cstackCOMRAM 000000
__Ldata                    data         000000
__Leeprom_data             eeprom_data  000000
__Lfarbss                  farbss       000000
__Lfardata                 fardata      000000
__Libigdata                ibigdata     000000
__Lidata                   idata        000000
__Lidloc                   idloc        000000
__Lifardata                ifardata     000000
__Linit                    init         000000
__Lintcode                 intcode      000000
__Lintcode_body            intcode_body 000000
__Lintcodelo               intcodelo    000000
__Lintentry                intentry     000000
__Lintret                  intret       000000
__Lintsave_regs            intsave_regs 000000
__Lirdata                  irdata       000000
__Lmediumconst             mediumconst  000000
__LnvFARRAM                nvFARRAM     000000
__Lnvbit                   nvbit        000000
__Lnvrram                  nvrram       000000
__Lparam                   rparam       000000
__Lpowerup                 powerup      000000
__Lram                     ram          000000
__Lramtop                  ramtop       000600
__Lrbit                    rbit         000000
__Lrbss                    rbss         000000
__Lrdata                   rdata        000000
__Lreset_vec               reset_vec    000000
__Lrparam                  rparam       000000
__Lsfr                     sfr          000000
__Lsmallconst              smallconst   000600
__Lspace_0                 (abs)        000000
__Lspace_1                 (abs)        000000
__Lspace_2                 (abs)        000000
__Lspace_4                 (abs)        000000
__Lstack                   stack        000000
__Lstruct                  struct       000000
__Ltemp                    temp         000000
__Ltext                    text         000000
__Ltext0                   text0        000000
__Ltext1                   text1        000000
__Ltext10                  text10       000000
__Ltext11                  text11       000000
__Ltext12                  text12       000000
__Ltext13                  text13       000000
__Ltext14                  text14       000000
__Ltext15                  text15       000000
__Ltext16                  text16       000000
__Ltext17                  text17       000000
__Ltext18                  text18       000000
__Ltext19                  text19       000000
__Ltext2                   text2        000000
__Ltext3                   text3        000000
__Ltext4                   text4        000000
__Ltext5                   text5        000000
__Ltext6                   text6        000000
__Ltext7                   text7        000000
__Ltext8                   text8        000000
__Ltext9                   text9        000000
__S0                       (abs)        000BBC
__S1                       (abs)        000060
__S2                       (abs)        000000
__S4                       (abs)        000000
__S5                       (abs)        000000
___inthi_sp                stack        000000
___intlo_sp                stack        000000
___lwdiv                   text3        000916
___lwdiv@counter           cstackCOMRAM 000007
___lwdiv@dividend          cstackCOMRAM 000001
___lwdiv@divisor           cstackCOMRAM 000003
___lwdiv@quotient          cstackCOMRAM 000005
___lwmod                   text2        00098A
___lwmod@counter           cstackCOMRAM 00000C
___lwmod@dividend          cstackCOMRAM 000008
___lwmod@divisor           cstackCOMRAM 00000A
___param_bank              (abs)        000000
___rparam_used             (abs)        000001
___sp                      stack        000000
__accesstop                (abs)        000080
__activetblptr             (abs)        000002
__end_of_ADC_intialize     text19       000B18
__end_of_CLK_intialize     text18       000B94
__end_of_InitI2C           text17       000B5A
__end_of_PORT_Initialize   text16       000BBC
__end_of_Read_ADC          text15       000A50
__end_of_UART_Init         text14       000B6E
__end_of_UART_send_char    text13       000B44
__end_of_UART_send_string  text12       000ACE
__end_of___lwdiv           text3        00098A
__end_of___lwmod           text2        0009EE
__end_of__initialization   cinit        000B24
__end_of_dpowers           smallconst   00060B
__end_of_i2c_nack          text10       000B9E
__end_of_i2c_rd            text9        000B7C
__end_of_i2c_restart       text8        000BB6
__end_of_i2c_start         text7        000BAE
__end_of_i2c_stop          text6        000BA6
__end_of_i2c_wr            text5        000B88
__end_of_main              text0        0007B2
__end_of_poll_if_tim1      text11       000A9E
__end_of_rtcc_rd           text4        000AF6
__end_of_sprintf           text1        000916
__initialization           cinit        000B18
__mediumconst              mediumconst  000000
__pbssCOMRAM               bssCOMRAM    000052
__pcinit                   cinit        000B18
__pcstackCOMRAM            cstackCOMRAM 000001
__psmallconst              smallconst   000600
__ptext0                   text0        00062E
__ptext1                   text1        0007B2
__ptext10                  text10       000B94
__ptext11                  text11       000A50
__ptext12                  text12       000A9E
__ptext13                  text13       000B2E
__ptext14                  text14       000B5A
__ptext15                  text15       0009EE
__ptext16                  text16       000BB6
__ptext17                  text17       000B44
__ptext18                  text18       000B88
__ptext19                  text19       000AF6
__ptext2                   text2        00098A
__ptext3                   text3        000916
__ptext4                   text4        000ACE
__ptext5                   text5        000B7C
__ptext6                   text6        000B9E
__ptext7                   text7        000BA6
__ptext8                   text8        000BAE
__ptext9                   text9        000B6E
__ramtop                   ramtop       000600
__size_of_ADC_intialize    (abs)        000000
__size_of_CLK_intialize    (abs)        000000
__size_of_InitI2C          (abs)        000000
__size_of_PORT_Initialize  (abs)        000000
__size_of_Read_ADC         (abs)        000000
__size_of_UART_Init        (abs)        000000
__size_of_UART_send_char   (abs)        000000
__size_of_UART_send_string (abs)        000000
__size_of___lwdiv          (abs)        000000
__size_of___lwmod          (abs)        000000
__size_of_i2c_nack         (abs)        000000
__size_of_i2c_rd           (abs)        000000
__size_of_i2c_restart      (abs)        000000
__size_of_i2c_start        (abs)        000000
__size_of_i2c_stop         (abs)        000000
__size_of_i2c_wr           (abs)        000000
__size_of_main             (abs)        000000
__size_of_poll_if_tim1     (abs)        000000
__size_of_rtcc_rd          (abs)        000000
__size_of_sprintf          (abs)        000000
__smallconst               smallconst   000600
_dpowers                   smallconst   000601
_i                         bssCOMRAM    00005E
_i2c_nack                  text10       000B94
_i2c_rd                    text9        000B6E
_i2c_restart               text8        000BAE
_i2c_start                 text7        000BA6
_i2c_stop                  text6        000B9E
_i2c_wr                    text5        000B7C
_main                      text0        00062E
_poll_if_tim1              text11       000A50
_rtcc_rd                   text4        000ACE
_sprintf                   text1        0007B2
_value                     bssCOMRAM    000056
_voltage                   bssCOMRAM    00005A
end_of_initialization      cinit        000B24
i2c_rd@rtcc_buf            cstackCOMRAM 000003
i2c_wr@i2c_data            cstackCOMRAM 000003
intlevel0                  text         000000
intlevel1                  text         000000
intlevel2                  text         000000
intlevel3                  text         000000
main@_adc_str              cstackCOMRAM 000030
main@humid_adc             cstackCOMRAM 000050
main@memory                cstackCOMRAM 00001C
main@memory_string         cstackCOMRAM 000044
main@temp_adc              cstackCOMRAM 00004E
sprintf@ap                 cstackCOMRAM 000014
sprintf@c                  cstackCOMRAM 000019
sprintf@f                  cstackCOMRAM 00000F
sprintf@flag               cstackCOMRAM 000013
sprintf@prec               cstackCOMRAM 000018
sprintf@sp                 cstackCOMRAM 00000D
sprintf@val                cstackCOMRAM 000016
stackhi                    (abs)        0005F3
stacklo                    (abs)        000080
start                      init         000000
start_initialization       cinit        000B18


FUNCTION INFORMATION:

 *************** function _main *****************
 Defined at:
		line 123 in file "Test.c"
 Parameters:    Size  Location     Type
		None
 Auto vars:     Size  Location     Type
  _adc_str       20   47[COMRAM] unsigned char [20]
  memory         20   27[COMRAM] unsigned char [20]
  _adc_buf       20    0        unsigned char [20]
  memory_strin   10   67[COMRAM] unsigned char [10]
  time           10    0        unsigned char [10]
  humid_adc       2   79[COMRAM] unsigned int 
  temp_adc        2   77[COMRAM] unsigned int 
  a               2    0        unsigned int 
  i               2    0        unsigned int 
  eeprom_val      1    0        unsigned char 
  i2c_val         1    0        unsigned char 
 Return value:  Size  Location     Type
                  1    wreg      void 
 Registers used:
		wreg, fsr2l, fsr2h, status,2, status,0, tblptrl, tblptrh, tblptru, prodl, prodh, cstack
 Tracked objects:
		On entry : 
		On exit  : 
		Unchanged: 
 Data sizes:     COMRAM   BANK0   BANK1   BANK2   BANK3   BANK4   BANK5
      Params:         0       0       0       0       0       0       0
      Locals:        54       0       0       0       0       0       0
      Temps:          2       0       0       0       0       0       0
      Totals:        56       0       0       0       0       0       0
Total ram usage:       56 bytes
 Hardware stack levels required when called:    3
 This function calls:
		_ADC_intialize
		_CLK_intialize
		_InitI2C
		_PORT_Initialize
		_Read_ADC
		_UART_Init
		_UART_send_string
		_rtcc_rd
		_sprintf
 This function is called by:
		Startup code after reset
 This function uses a non-reentrant model


 *************** function _sprintf *****************
 Defined at:
		line 505 in file "C:\Program Files\Microchip\xc8\v2.31\pic\sources\c90\common\doprnt.c"
 Parameters:    Size  Location     Type
  sp              2   12[COMRAM] PTR unsigned char 
		 -> main@memory_string(10), main@_adc_str(20), 
  f               2   14[COMRAM] PTR const unsigned char 
		 -> STR_3(12), STR_2(11), STR_1(10), 
 Auto vars:     Size  Location     Type
  tmpval          4    0        struct .
  cp              3    0        PTR const unsigned char 
  val             2   21[COMRAM] unsigned int 
  ap              2   19[COMRAM] PTR void [1]
		 -> ?_sprintf(2), 
  len             2    0        unsigned int 
  c               1   24[COMRAM] unsigned char 
  prec            1   23[COMRAM] char 
  flag            1   18[COMRAM] unsigned char 
 Return value:  Size  Location     Type
                  2   12[COMRAM] int 
 Registers used:
		wreg, fsr2l, fsr2h, status,2, status,0, tblptrl, tblptrh, tblptru, prodl, prodh, cstack
 Tracked objects:
		On entry : 
		On exit  : 
		Unchanged: 
 Data sizes:     COMRAM   BANK0   BANK1   BANK2   BANK3   BANK4   BANK5
      Params:         6       0       0       0       0       0       0
      Locals:         7       0       0       0       0       0       0
      Temps:          0       0       0       0       0       0       0
      Totals:        13       0       0       0       0       0       0
Total ram usage:       13 bytes
 Hardware stack levels used:    1
 Hardware stack levels required when called:    1
 This function calls:
		___lwdiv
		___lwmod
 This function is called by:
		_main
 This function uses a non-reentrant model


 *************** function ___lwmod *****************
 Defined at:
		line 7 in file "C:\Program Files\Microchip\xc8\v2.31\pic\sources\c90\common\lwmod.c"
 Parameters:    Size  Location     Type
  dividend        2    7[COMRAM] unsigned int 
  divisor         2    9[COMRAM] unsigned int 
 Auto vars:     Size  Location     Type
  counter         1   11[COMRAM] unsigned char 
 Return value:  Size  Location     Type
                  2    7[COMRAM] unsigned int 
 Registers used:
		wreg, status,2, status,0
 Tracked objects:
		On entry : 
		On exit  : 
		Unchanged: 
 Data sizes:     COMRAM   BANK0   BANK1   BANK2   BANK3   BANK4   BANK5
      Params:         4       0       0       0       0       0       0
      Locals:         1       0       0       0       0       0       0
      Temps:          0       0       0       0       0       0       0
      Totals:         5       0       0       0       0       0       0
Total ram usage:        5 bytes
 Hardware stack levels used:    1
 This function calls:
		Nothing
 This function is called by:
		_sprintf
 This function uses a non-reentrant model


 *************** function ___lwdiv *****************
 Defined at:
		line 7 in file "C:\Program Files\Microchip\xc8\v2.31\pic\sources\c90\common\lwdiv.c"
 Parameters:    Size  Location     Type
  dividend        2    0[COMRAM] unsigned int 
  divisor         2    2[COMRAM] unsigned int 
 Auto vars:     Size  Location     Type
  quotient        2    4[COMRAM] unsigned int 
  counter         1    6[COMRAM] unsigned char 
 Return value:  Size  Location     Type
                  2    0[COMRAM] unsigned int 
 Registers used:
		wreg, status,2, status,0
 Tracked objects:
		On entry : 
		On exit  : 
		Unchanged: 
 Data sizes:     COMRAM   BANK0   BANK1   BANK2   BANK3   BANK4   BANK5
      Params:         4       0       0       0       0       0       0
      Locals:         3       0       0       0       0       0       0
      Temps:          0       0       0       0       0       0       0
      Totals:         7       0       0       0       0       0       0
Total ram usage:        7 bytes
 Hardware stack levels used:    1
 This function calls:
		Nothing
 This function is called by:
		_sprintf
 This function uses a non-reentrant model


 *************** function _rtcc_rd *****************
 Defined at:
		line 57 in file "RTCC.c"
 Parameters:    Size  Location     Type
		None
 Auto vars:     Size  Location     Type
  rtcc_buf        1    0        unsigned char 
 Return value:  Size  Location     Type
                  1    wreg      unsigned char 
 Registers used:
		wreg, status,2, cstack
 Tracked objects:
		On entry : 
		On exit  : 
		Unchanged: 
 Data sizes:     COMRAM   BANK0   BANK1   BANK2   BANK3   BANK4   BANK5
      Params:         0       0       0       0       0       0       0
      Locals:         1       0       0       0       0       0       0
      Temps:          0       0       0       0       0       0       0
      Totals:         1       0       0       0       0       0       0
Total ram usage:        1 bytes
 Hardware stack levels used:    1
 Hardware stack levels required when called:    2
 This function calls:
		_i2c_nack
		_i2c_rd
		_i2c_restart
		_i2c_start
		_i2c_stop
		_i2c_wr
 This function is called by:
		_main
 This function uses a non-reentrant model


 *************** function _i2c_wr *****************
 Defined at:
		line 116 in file "hw_I2C.c"
 Parameters:    Size  Location     Type
  i2c_data        1    wreg     unsigned char 
 Auto vars:     Size  Location     Type
  i2c_data        1    2[COMRAM] unsigned char 
 Return value:  Size  Location     Type
                  1    wreg      void 
 Registers used:
		wreg, status,2, cstack
 Tracked objects:
		On entry : 
		On exit  : 
		Unchanged: 
 Data sizes:     COMRAM   BANK0   BANK1   BANK2   BANK3   BANK4   BANK5
      Params:         0       0       0       0       0       0       0
      Locals:         1       0       0       0       0       0       0
      Temps:          0       0       0       0       0       0       0
      Totals:         1       0       0       0       0       0       0
Total ram usage:        1 bytes
 Hardware stack levels used:    1
 Hardware stack levels required when called:    1
 This function calls:
		_poll_if_tim1
 This function is called by:
		_rtcc_rd
		_rtcc_wr
 This function uses a non-reentrant model


 *************** function _i2c_stop *****************
 Defined at:
		line 112 in file "hw_I2C.c"
 Parameters:    Size  Location     Type
		None
 Auto vars:     Size  Location     Type
		None
 Return value:  Size  Location     Type
                  1    wreg      void 
 Registers used:
		wreg, status,2, cstack
 Tracked objects:
		On entry : 
		On exit  : 
		Unchanged: 
 Data sizes:     COMRAM   BANK0   BANK1   BANK2   BANK3   BANK4   BANK5
      Params:         0       0       0       0       0       0       0
      Locals:         0       0       0       0       0       0       0
      Temps:          0       0       0       0       0       0       0
      Totals:         0       0       0       0       0       0       0
Total ram usage:        0 bytes
 Hardware stack levels used:    1
 Hardware stack levels required when called:    1
 This function calls:
		_poll_if_tim1
 This function is called by:
		_rtcc_rd
		_rtcc_wr
 This function uses a non-reentrant model


 *************** function _i2c_start *****************
 Defined at:
		line 101 in file "hw_I2C.c"
 Parameters:    Size  Location     Type
		None
 Auto vars:     Size  Location     Type
		None
 Return value:  Size  Location     Type
                  1    wreg      void 
 Registers used:
		wreg, status,2, cstack
 Tracked objects:
		On entry : 
		On exit  : 
		Unchanged: 
 Data sizes:     COMRAM   BANK0   BANK1   BANK2   BANK3   BANK4   BANK5
      Params:         0       0       0       0       0       0       0
      Locals:         0       0       0       0       0       0       0
      Temps:          0       0       0       0       0       0       0
      Totals:         0       0       0       0       0       0       0
Total ram usage:        0 bytes
 Hardware stack levels used:    1
 Hardware stack levels required when called:    1
 This function calls:
		_poll_if_tim1
 This function is called by:
		_rtcc_rd
		_rtcc_wr
 This function uses a non-reentrant model


 *************** function _i2c_restart *****************
 Defined at:
		line 107 in file "hw_I2C.c"
 Parameters:    Size  Location     Type
		None
 Auto vars:     Size  Location     Type
		None
 Return value:  Size  Location     Type
                  1    wreg      void 
 Registers used:
		wreg, status,2, cstack
 Tracked objects:
		On entry : 
		On exit  : 
		Unchanged: 
 Data sizes:     COMRAM   BANK0   BANK1   BANK2   BANK3   BANK4   BANK5
      Params:         0       0       0       0       0       0       0
      Locals:         0       0       0       0       0       0       0
      Temps:          0       0       0       0       0       0       0
      Totals:         0       0       0       0       0       0       0
Total ram usage:        0 bytes
 Hardware stack levels used:    1
 Hardware stack levels required when called:    1
 This function calls:
		_poll_if_tim1
 This function is called by:
		_rtcc_rd
 This function uses a non-reentrant model


 *************** function _i2c_rd *****************
 Defined at:
		line 121 in file "hw_I2C.c"
 Parameters:    Size  Location     Type
		None
 Auto vars:     Size  Location     Type
  rtcc_buf        1    2[COMRAM] unsigned char 
 Return value:  Size  Location     Type
                  1    wreg      unsigned char 
 Registers used:
		wreg, status,2, cstack
 Tracked objects:
		On entry : 
		On exit  : 
		Unchanged: 
 Data sizes:     COMRAM   BANK0   BANK1   BANK2   BANK3   BANK4   BANK5
      Params:         0       0       0       0       0       0       0
      Locals:         1       0       0       0       0       0       0
      Temps:          0       0       0       0       0       0       0
      Totals:         1       0       0       0       0       0       0
Total ram usage:        1 bytes
 Hardware stack levels used:    1
 Hardware stack levels required when called:    1
 This function calls:
		_poll_if_tim1
 This function is called by:
		_rtcc_rd
 This function uses a non-reentrant model


 *************** function _i2c_nack *****************
 Defined at:
		line 135 in file "hw_I2C.c"
 Parameters:    Size  Location     Type
		None
 Auto vars:     Size  Location     Type
		None
 Return value:  Size  Location     Type
                  1    wreg      void 
 Registers used:
		wreg, status,2, cstack
 Tracked objects:
		On entry : 
		On exit  : 
		Unchanged: 
 Data sizes:     COMRAM   BANK0   BANK1   BANK2   BANK3   BANK4   BANK5
      Params:         0       0       0       0       0       0       0
      Locals:         0       0       0       0       0       0       0
      Temps:          0       0       0       0       0       0       0
      Totals:         0       0       0       0       0       0       0
Total ram usage:        0 bytes
 Hardware stack levels used:    1
 Hardware stack levels required when called:    1
 This function calls:
		_poll_if_tim1
 This function is called by:
		_rtcc_rd
 This function uses a non-reentrant model


 *************** function _poll_if_tim1 *****************
 Defined at:
		line 86 in file "hw_I2C.c"
 Parameters:    Size  Location     Type
		None
 Auto vars:     Size  Location     Type
  err_flg         1    0        unsigned char 
 Return value:  Size  Location     Type
                  1    wreg      void 
 Registers used:
		wreg, status,2
 Tracked objects:
		On entry : 
		On exit  : 
		Unchanged: 
 Data sizes:     COMRAM   BANK0   BANK1   BANK2   BANK3   BANK4   BANK5
      Params:         0       0       0       0       0       0       0
      Locals:         1       0       0       0       0       0       0
      Temps:          1       0       0       0       0       0       0
      Totals:         2       0       0       0       0       0       0
Total ram usage:        2 bytes
 Hardware stack levels used:    1
 This function calls:
		Nothing
 This function is called by:
		_i2c_start
		_i2c_restart
		_i2c_stop
		_i2c_wr
		_i2c_rd
		_i2c_nack
		_i2c_ack
 This function uses a non-reentrant model


 *************** function _UART_send_string *****************
 Defined at:
		line 54 in file "hw_uart.c"
 Parameters:    Size  Location     Type
  st_pt           2    1[COMRAM] PTR unsigned char 
		 -> main@memory_string(10), main@_adc_str(20), 
 Auto vars:     Size  Location     Type
		None
 Return value:  Size  Location     Type
                  1    wreg      void 
 Registers used:
		wreg, fsr2l, fsr2h, status,2, status,0, cstack
 Tracked objects:
		On entry : 
		On exit  : 
		Unchanged: 
 Data sizes:     COMRAM   BANK0   BANK1   BANK2   BANK3   BANK4   BANK5
      Params:         2       0       0       0       0       0       0
      Locals:         0       0       0       0       0       0       0
      Temps:          0       0       0       0       0       0       0
      Totals:         2       0       0       0       0       0       0
Total ram usage:        2 bytes
 Hardware stack levels used:    1
 Hardware stack levels required when called:    1
 This function calls:
		_UART_send_char
 This function is called by:
		_main
 This function uses a non-reentrant model


 *************** function _UART_send_char *****************
 Defined at:
		line 27 in file "hw_uart.c"
 Parameters:    Size  Location     Type
  bt              1    wreg     unsigned char 
 Auto vars:     Size  Location     Type
  bt              1    0[COMRAM] unsigned char 
 Return value:  Size  Location     Type
                  1    wreg      void 
 Registers used:
		wreg
 Tracked objects:
		On entry : 
		On exit  : 
		Unchanged: 
 Data sizes:     COMRAM   BANK0   BANK1   BANK2   BANK3   BANK4   BANK5
      Params:         0       0       0       0       0       0       0
      Locals:         1       0       0       0       0       0       0
      Temps:          0       0       0       0       0       0       0
      Totals:         1       0       0       0       0       0       0
Total ram usage:        1 bytes
 Hardware stack levels used:    1
 This function calls:
		Nothing
 This function is called by:
		_UART_send_string
 This function uses a non-reentrant model


 *************** function _UART_Init *****************
 Defined at:
		line 10 in file "hw_uart.c"
 Parameters:    Size  Location     Type
  baud_rate       2    0[COMRAM] unsigned int 
 Auto vars:     Size  Location     Type
		None
 Return value:  Size  Location     Type
                  1    wreg      void 
 Registers used:
		wreg, status,2
 Tracked objects:
		On entry : 
		On exit  : 
		Unchanged: 
 Data sizes:     COMRAM   BANK0   BANK1   BANK2   BANK3   BANK4   BANK5
      Params:         2       0       0       0       0       0       0
      Locals:         0       0       0       0       0       0       0
      Temps:          0       0       0       0       0       0       0
      Totals:         2       0       0       0       0       0       0
Total ram usage:        2 bytes
 Hardware stack levels used:    1
 This function calls:
		Nothing
 This function is called by:
		_main
 This function uses a non-reentrant model


 *************** function _Read_ADC *****************
 Defined at:
		line 43 in file "hw_adc.c"
 Parameters:    Size  Location     Type
  channel         1    wreg     unsigned char 
 Auto vars:     Size  Location     Type
  channel         1    6[COMRAM] unsigned char 
  result          2    4[COMRAM] unsigned int 
 Return value:  Size  Location     Type
                  2    0[COMRAM] unsigned int 
 Registers used:
		wreg, status,2, status,0
 Tracked objects:
		On entry : 
		On exit  : 
		Unchanged: 
 Data sizes:     COMRAM   BANK0   BANK1   BANK2   BANK3   BANK4   BANK5
      Params:         2       0       0       0       0       0       0
      Locals:         3       0       0       0       0       0       0
      Temps:          2       0       0       0       0       0       0
      Totals:         7       0       0       0       0       0       0
Total ram usage:        7 bytes
 Hardware stack levels used:    1
 This function calls:
		Nothing
 This function is called by:
		_main
 This function uses a non-reentrant model


 *************** function _PORT_Initialize *****************
 Defined at:
		line 94 in file "Test.c"
 Parameters:    Size  Location     Type
		None
 Auto vars:     Size  Location     Type
		None
 Return value:  Size  Location     Type
                  1    wreg      void 
 Registers used:
		None
 Tracked objects:
		On entry : 
		On exit  : 
		Unchanged: 
 Data sizes:     COMRAM   BANK0   BANK1   BANK2   BANK3   BANK4   BANK5
      Params:         0       0       0       0       0       0       0
      Locals:         0       0       0       0       0       0       0
      Temps:          0       0       0       0       0       0       0
      Totals:         0       0       0       0       0       0       0
Total ram usage:        0 bytes
 Hardware stack levels used:    1
 This function calls:
		Nothing
 This function is called by:
		_main
 This function uses a non-reentrant model


 *************** function _InitI2C *****************
 Defined at:
		line 19 in file "hw_I2C.c"
 Parameters:    Size  Location     Type
		None
 Auto vars:     Size  Location     Type
		None
 Return value:  Size  Location     Type
                  1    wreg      void 
 Registers used:
		wreg, status,2
 Tracked objects:
		On entry : 
		On exit  : 
		Unchanged: 
 Data sizes:     COMRAM   BANK0   BANK1   BANK2   BANK3   BANK4   BANK5
      Params:         0       0       0       0       0       0       0
      Locals:         0       0       0       0       0       0       0
      Temps:          0       0       0       0       0       0       0
      Totals:         0       0       0       0       0       0       0
Total ram usage:        0 bytes
 Hardware stack levels used:    1
 This function calls:
		Nothing
 This function is called by:
		_main
 This function uses a non-reentrant model


 *************** function _CLK_intialize *****************
 Defined at:
		line 82 in file "Test.c"
 Parameters:    Size  Location     Type
		None
 Auto vars:     Size  Location     Type
		None
 Return value:  Size  Location     Type
                  1    wreg      void 
 Registers used:
		wreg, status,2
 Tracked objects:
		On entry : 
		On exit  : 
		Unchanged: 
 Data sizes:     COMRAM   BANK0   BANK1   BANK2   BANK3   BANK4   BANK5
      Params:         0       0       0       0       0       0       0
      Locals:         0       0       0       0       0       0       0
      Temps:          0       0       0       0       0       0       0
      Totals:         0       0       0       0       0       0       0
Total ram usage:        0 bytes
 Hardware stack levels used:    1
 This function calls:
		Nothing
 This function is called by:
		_main
 This function uses a non-reentrant model


 *************** function _ADC_intialize *****************
 Defined at:
		line 18 in file "hw_adc.c"
 Parameters:    Size  Location     Type
		None
 Auto vars:     Size  Location     Type
		None
 Return value:  Size  Location     Type
                  1    wreg      void 
 Registers used:
		wreg, status,2
 Tracked objects:
		On entry : 
		On exit  : 
		Unchanged: 
 Data sizes:     COMRAM   BANK0   BANK1   BANK2   BANK3   BANK4   BANK5
      Params:         0       0       0       0       0       0       0
      Locals:         0       0       0       0       0       0       0
      Temps:          0       0       0       0       0       0       0
      Totals:         0       0       0       0       0       0       0
Total ram usage:        0 bytes
 Hardware stack levels used:    1
 This function calls:
		Nothing
 This function is called by:
		_main
 This function uses a non-reentrant model



MODULE INFORMATION

Module		Function		Class		Link	Load	Size
RTCC.c
		_rtcc_rd       		CODE           	0ACE	0000	40

RTCC.c estimated size: 40

hw_uart.c
		_UART_Init     		CODE           	0B5A	0000	20
		_UART_send_string		CODE           	0A9E	0000	48
		_UART_send_char		CODE           	0B2E	0000	22

hw_uart.c estimated size: 90

hw_adc.c
		_ADC_intialize 		CODE           	0AF6	0000	34
		_Read_ADC      		CODE           	09EE	0000	98

hw_adc.c estimated size: 132

C:\Program Files\Microchip\xc8\v2.31\pic\sources\c90\common\doprnt.c
		_sprintf       		CODE           	07B2	0000	356

C:\Program Files\Microchip\xc8\v2.31\pic\sources\c90\common\doprnt.c estimated size: 356

C:\Program Files\Microchip\xc8\v2.31\pic\sources\c90\common\lwmod.c
		___lwmod       		CODE           	098A	0000	100

C:\Program Files\Microchip\xc8\v2.31\pic\sources\c90\common\lwmod.c estimated size: 100

C:\Program Files\Microchip\xc8\v2.31\pic\sources\c90\common\lwdiv.c
		___lwdiv       		CODE           	0916	0000	116

C:\Program Files\Microchip\xc8\v2.31\pic\sources\c90\common\lwdiv.c estimated size: 116

shared
		_dpowers       		SMALLCONST     	0601	0000	10
		__initialization		CODE           	0B18	0000	12

shared estimated size: 22

Test.c
		_PORT_Initialize		CODE           	0BB6	0000	6
		_main          		CODE           	062E	0000	388
		_CLK_intialize 		CODE           	0B88	0000	12

Test.c estimated size: 406

hw_I2C.c
		_i2c_nack      		CODE           	0B94	0000	10
		_i2c_start     		CODE           	0BA6	0000	8
		_i2c_restart   		CODE           	0BAE	0000	8
		_poll_if_tim1  		CODE           	0A50	0000	78
		_i2c_wr        		CODE           	0B7C	0000	12
		_InitI2C       		CODE           	0B44	0000	22
		_i2c_rd        		CODE           	0B6E	0000	14
		_i2c_stop      		CODE           	0B9E	0000	8

hw_I2C.c estimated size: 160

