Microchip MPLAB XC8 Compiler V2.31

Linker command line:

-W-3 --edf=C:\Program Files\Microchip\xc8\v2.31\pic\dat\en_msgs.txt -cn \
  -h+dist/default/production\Storm.X.production.sym \
  --cmf=dist/default/production\Storm.X.production.cmf -z -Q18F2520 \
  -oC:\Users\HARMAN~1.SIN\AppData\Local\Temp\s8lk.3 \
  --defsym=__MPLAB_BUILD=1 -Mdist/default/production/Storm.X.production.map \
  -E1 -ver=XC8 Compiler --acfsm=1493 -ASTACK=0124h-05FFh -pstack=STACK \
  -ACODE=00h-07FFFh -ACONST=00h-07FFFh -ASMALLCONST=0600h-06FFhx122 \
  -AMEDIUMCONST=0600h-07FFFh -ACOMRAM=01h-07Fh -AABS1=00h-05FFh \
  -ABIGRAM=01h-05FFh -ARAM=080h-0FFh,0100h-01FFhx5 -ABANK0=080h-0FFh \
  -ABANK1=0100h-01FFh -ABANK2=0200h-02FFh -ABANK3=0300h-03FFh \
  -ABANK4=0400h-04FFh -ABANK5=0500h-05FFh -ASFR=0F80h-0FFFh \
  -ACONFIG=0300000h-030000Dh -AIDLOC=0200000h-0200007h \
  -AEEDATA=0F00000h-0F000FFh -peeprom_data=EEDATA \
  -preset_vec=00h,intcode,intcodelo,powerup,init -pramtop=0600h \
  -psmallconst=SMALLCONST -pmediumconst=MEDIUMCONST -pconst=CONST \
  -AFARRAM=00h-00h \
  -prdata=COMRAM,nvrram=COMRAM,nvbit=COMRAM,rbss=COMRAM,rbit=COMRAM \
  -pfarbss=FARRAM,fardata=FARRAM,nvFARRAM=FARRAM \
  -pintsave_regs=BIGRAM,bigbss=BIGRAM,bigdata=BIGRAM -pbss=RAM \
  -pidata=CODE,irdata=CODE,ibigdata=CODE,ifardata=CODE -prparam=COMRAM \
  C:\Users\HARMAN~1.SIN\AppData\Local\Temp\s8lk.o \
  dist/default/production\Storm.X.production.o 

Object code version is 3.11

Machine type is 18F2520



                Name                               Link     Load   Length Selector   Space Scale
C:\Users\HARMAN~1.SIN\AppData\Local\Temp\s8lk.o
                idloc                            200000   200000        8        0       5
                config                           300000   300000        E        0       4
                init                                  0        0        4        0       0
dist/default/production\Storm.X.production.o
                idloc                            200000   200000        8        0       5
                config                           300000   300000        E        0       4
                smallconst                          600      600       50      300       0
                text36                             32CE     32CE       20      328       0
                text35                             3318     3318        C      328       0
                text34                             332C     332C        6     1996       0
                text33                             3160     3160       3A      328       0
                text32                             3304     3304       14      328       0
                text31                             32EE     32EE       16      328       0
                text30                             2FAE     2FAE       5E      328       0
                text29                             32A8     32A8       26      328       0
                text28                             320A     320A       38      328       0
                text27                             300C     300C       52      328       0
                text26                             222C     222C      190      328       0
                text25                             3332     3332        2     1996       0
                text24                             2CC0     2CC0       CA      328       0
                text23                             2B18     2B18       D8      328       0
                text22                             23BC     23BC      188      328       0
                text21                             26CA     26CA      164      328       0
                text20                             30E4     30E4       40      328       0
                text19                             305E     305E       44      328       0
                text18                             3242     3242       36      328       0
                text17                             2D8A     2D8A       C6      328       0
                text16                             1882     1882      2E2      328       0
                text15                             203E     203E      1EE      328       0
                text14                             2544     2544      186      328       0
                text13                             2A3A     2A3A       DE      328       0
                text12                             294A     294A       F0      328       0
                text11                             2BF0     2BF0       D0      328       0
                text10                             1E3C     1E3C      202      328       0
                text9                              3124     3124       3C      328       0
                text8                              31D2     31D2       38      328       0
                text7                              319A     319A       38      328       0
                text6                              2F50     2F50       5E      328       0
                text5                              1B64     1B64      2D8      328       0
                text4                               650      650     1232      328       0
                text3                              2EEE     2EEE       62      328       0
                text2                              282E     282E      11C      328       0
                text1                              3278     3278       30      328       0
                text0                              2E50     2E50       9E      328       0
                cstackCOMRAM                          1        1       7E        1       1
                cstackBANK0                          B8       B8       2C       80       1
                bssBANK1                            100      100       24      100       1
                dataBANK0                            E4       E4        7       80       1
                bssBANK0                             80       80       38       80       1
                cinit                              30A2     30A2       42      328       0
                idataBANK0                         3324     3324        7      328       0

TOTAL           Name                               Link     Load   Length     Space
        CLASS   STACK          

        CLASS   CODE           
                init                                  0        0        4         0
                text36                             32CE     32CE       20         0
                text35                             3318     3318        C         0
                text34                             332C     332C        6         0
                text33                             3160     3160       3A         0
                text32                             3304     3304       14         0
                text31                             32EE     32EE       16         0
                text30                             2FAE     2FAE       5E         0
                text29                             32A8     32A8       26         0
                text28                             320A     320A       38         0
                text27                             300C     300C       52         0
                text26                             222C     222C      190         0
                text25                             3332     3332        2         0
                text24                             2CC0     2CC0       CA         0
                text23                             2B18     2B18       D8         0
                text22                             23BC     23BC      188         0
                text21                             26CA     26CA      164         0
                text20                             30E4     30E4       40         0
                text19                             305E     305E       44         0
                text18                             3242     3242       36         0
                text17                             2D8A     2D8A       C6         0
                text16                             1882     1882      2E2         0
                text15                             203E     203E      1EE         0
                text14                             2544     2544      186         0
                text13                             2A3A     2A3A       DE         0
                text12                             294A     294A       F0         0
                text11                             2BF0     2BF0       D0         0
                text10                             1E3C     1E3C      202         0
                text9                              3124     3124       3C         0
                text8                              31D2     31D2       38         0
                text7                              319A     319A       38         0
                text6                              2F50     2F50       5E         0
                text5                              1B64     1B64      2D8         0
                text4                               650      650     1232         0
                text3                              2EEE     2EEE       62         0
                text2                              282E     282E      11C         0
                text1                              3278     3278       30         0
                text0                              2E50     2E50       9E         0
                cinit                              30A2     30A2       42         0
                idataBANK0                         3324     3324        7         0

        CLASS   CONST          

        CLASS   SMALLCONST     
                smallconst                          600      600       50         0

        CLASS   MEDIUMCONST    

        CLASS   COMRAM         
                cstackCOMRAM                          1        1       7E         1

        CLASS   ABS1           

        CLASS   BIGRAM         

        CLASS   RAM            

        CLASS   BANK0          
                cstackBANK0                          B8       B8       2C         1
                dataBANK0                            E4       E4        7         1
                bssBANK0                             80       80       38         1

        CLASS   BANK1          
                bssBANK1                            100      100       24         1

        CLASS   BANK2          

        CLASS   BANK3          

        CLASS   BANK4          

        CLASS   BANK5          

        CLASS   SFR            

        CLASS   CONFIG         
                config                           300000   300000        E         4

        CLASS   IDLOC          
                idloc                            200000   200000        8         5

        CLASS   EEDATA         

        CLASS   FARRAM         



SEGMENTS        Name                           Load    Length   Top    Selector   Space  Class

                reset_vec                      000000  000004  000004         0       0  CODE    
                cstackCOMRAM                   000001  00007E  00007F         1       1  COMRAM  
                bssBANK0                       000080  00006B  0000EB        80       1  BANK0   
                bssBANK1                       000100  000024  000124       100       1  BANK1   
                smallconst                     000600  000050  000650       300       0  SMALLCON
                text4                          000650  002CDB  00332B       328       0  CODE    
                text34                         00332C  000008  003334      1996       0  CODE    


UNUSED ADDRESS RANGES

        Name                Unused          Largest block    Delta
        BANK0            0000EB-0000FF               15
        BANK1            000124-0001FF               DC
        BANK2            000200-0002FF              100
        BANK3            000300-0003FF              100
        BANK4            000400-0004FF              100
        BANK5            000500-0005FF              100
        BIGRAM           00007F-00007F                1
                         0000EB-0000FF               15
                         000124-0005FF              4DC
        CODE             000004-0005FF              5FC
                         00332B-00332B                1
                         003334-007FFF             4CCC
        COMRAM           00007F-00007F                1
        CONST            000004-0005FF              5FC
                         00332B-00332B                1
                         003334-007FFF             4CCC
        EEDATA           F00000-F000FF              100
        MEDIUMCONST      00332B-00332B                1
                         003334-007FFF             4CCC
        RAM              0000EB-0000FF               15
                         000124-0005FF              100
        SFR              000F80-000FFF               80
        SMALLCONST       00332B-00332B                1
                         003334-007FFF              100
        STACK            000124-0005FF              4DC

                                  Symbol Table

?_Read_ADC                 cstackCOMRAM 000001
?___aodiv                  cstackCOMRAM 000001
?___aomod                  cstackCOMRAM 000001
?___lodiv                  cstackCOMRAM 000001
?___lomod                  cstackCOMRAM 000001
?___wmul                   cstackCOMRAM 000001
?_abs                      cstackCOMRAM 000013
?_atoi                     cstackCOMRAM 000008
?_ctoa                     cstackCOMRAM 00000A
?_dtoa                     cstackCOMRAM 00001C
?_isalpha                  cstackCOMRAM 000001
?_isdigit                  cstackCOMRAM 000001
?_islower                  cstackCOMRAM 000001
?_isspace                  cstackCOMRAM 000001
?_isupper                  cstackCOMRAM 000001
?_otoa                     cstackCOMRAM 00001C
?_pad                      cstackCOMRAM 000011
?_snprintf                 cstackBANK0  0000C2
?_stoa                     cstackCOMRAM 00000A
?_strlen                   cstackCOMRAM 000001
?_strncmp                  cstackCOMRAM 000001
?_toupper                  cstackCOMRAM 000007
?_utoa                     cstackCOMRAM 00001C
?_vfpfcnvrt                cstackCOMRAM 000043
?_vfprintf                 cstackCOMRAM 000068
?_vsnprintf                cstackCOMRAM 000070
?_xtoa                     cstackCOMRAM 00001C
Read_ADC@_voltage          cstackCOMRAM 000005
UART_Init@baud_rate        cstackCOMRAM 000001
UART_send_char@bt          cstackCOMRAM 000001
UART_send_string@st_pt     cstackCOMRAM 000002
_ADC                       bssBANK0     000080
_ADCON0bits                (abs)        000FC2
_ADCON1bits                (abs)        000FC1
_ADCON2bits                (abs)        000FC0
_ADC_intialize             text36       0032CE
_ADRESH                    (abs)        000FC4
_ADRESL                    (abs)        000FC3
_BAUDCONbits               (abs)        000FB8
_CLK_intialize             text35       003318
_INTCONbits                (abs)        000FF2
_LATA4                     (abs)        007C4C
_LATA5                     (abs)        007C4D
_LATA6                     (abs)        007C4E
_OSCCONbits                (abs)        000FD3
_PIR1bits                  (abs)        000F9E
_PORT_Initialize           text34       00332C
_RCIF                      (abs)        007CF5
_RCREG                     (abs)        000FAE
_RCSTAbits                 (abs)        000FAB
_Read_ADC                  text33       003160
_SPBRG                     (abs)        000FAF
_SPBRGH                    (abs)        000FB0
_TRISA                     (abs)        000F92
_TRISB1                    (abs)        007C99
_TRISC6                    (abs)        007CA6
_TRISC7                    (abs)        007CA7
_TXIF                      (abs)        007CF4
_TXREG                     (abs)        000FAD
_TXSTAbits                 (abs)        000FAC
_UART_Init                 text32       003304
_UART_send_char            text31       0032EE
_UART_send_string          text30       002FAE
__HRAM                     (abs)        000000
__Habs1                    abs1         000000
__Hbank0                   bank0        000000
__Hbank1                   bank1        000000
__Hbank2                   bank2        000000
__Hbank3                   bank3        000000
__Hbank4                   bank4        000000
__Hbank5                   bank5        000000
__Hbigbss                  bigbss       000000
__Hbigdata                 bigdata      000000
__Hbigram                  bigram       000000
__Hbss                     bss          000000
__HbssBANK0                bssBANK0     000000
__HbssBANK1                bssBANK1     000000
__Hcinit                   cinit        000000
__Hclrtext                 clrtext      000000
__Hcomram                  comram       000000
__Hconfig                  config       30000E
__Hconst                   const        000000
__HcstackBANK0             cstackBANK0  000000
__HcstackCOMRAM            cstackCOMRAM 000000
__Hdata                    data         000000
__HdataBANK0               dataBANK0    000000
__Heeprom_data             eeprom_data  000000
__Hfarbss                  farbss       000000
__Hfardata                 fardata      000000
__Hibigdata                ibigdata     000000
__Hidata                   idata        000000
__HidataBANK0              idataBANK0   000000
__Hidloc                   idloc        200008
__Hifardata                ifardata     000000
__Hinit                    init         000004
__Hintcode                 intcode      000000
__Hintcode_body            intcode_body 000000
__Hintcodelo               intcodelo    000000
__Hintentry                intentry     000000
__Hintret                  intret       000000
__Hintsave_regs            intsave_regs 000000
__Hirdata                  irdata       000000
__Hmediumconst             mediumconst  000000
__HnvFARRAM                nvFARRAM     000000
__Hnvbit                   nvbit        000000
__Hnvrram                  nvrram       000000
__Hparam                   rparam       000000
__Hpowerup                 powerup      000000
__Hram                     ram          000000
__Hramtop                  ramtop       000600
__Hrbit                    rbit         000000
__Hrbss                    rbss         000000
__Hrdata                   rdata        000000
__Hreset_vec               reset_vec    000000
__Hrparam                  rparam       000000
__Hsfr                     sfr          000000
__Hsmallconst              smallconst   000650
__Hspace_0                 (abs)        003334
__Hspace_1                 (abs)        000124
__Hspace_2                 (abs)        000000
__Hspace_4                 (abs)        60000E
__Hstack                   stack        000000
__Hstruct                  struct       000000
__Htemp                    temp         000000
__Htext                    text         000000
__Htext0                   text0        000000
__Htext1                   text1        000000
__Htext10                  text10       000000
__Htext11                  text11       000000
__Htext12                  text12       000000
__Htext13                  text13       000000
__Htext14                  text14       000000
__Htext15                  text15       000000
__Htext16                  text16       000000
__Htext17                  text17       000000
__Htext18                  text18       000000
__Htext19                  text19       000000
__Htext2                   text2        000000
__Htext20                  text20       000000
__Htext21                  text21       000000
__Htext22                  text22       000000
__Htext23                  text23       000000
__Htext24                  text24       000000
__Htext25                  text25       000000
__Htext26                  text26       000000
__Htext27                  text27       000000
__Htext28                  text28       000000
__Htext29                  text29       000000
__Htext3                   text3        000000
__Htext30                  text30       000000
__Htext31                  text31       000000
__Htext32                  text32       000000
__Htext33                  text33       000000
__Htext34                  text34       000000
__Htext35                  text35       000000
__Htext36                  text36       000000
__Htext4                   text4        000000
__Htext5                   text5        000000
__Htext6                   text6        000000
__Htext7                   text7        000000
__Htext8                   text8        000000
__Htext9                   text9        000000
__LRAM                     (abs)        000001
__Labs1                    abs1         000000
__Lbank0                   bank0        000000
__Lbank1                   bank1        000000
__Lbank2                   bank2        000000
__Lbank3                   bank3        000000
__Lbank4                   bank4        000000
__Lbank5                   bank5        000000
__Lbigbss                  bigbss       000000
__Lbigdata                 bigdata      000000
__Lbigram                  bigram       000000
__Lbss                     bss          000000
__LbssBANK0                bssBANK0     000000
__LbssBANK1                bssBANK1     000000
__Lcinit                   cinit        000000
__Lclrtext                 clrtext      000000
__Lcomram                  comram       000000
__Lconfig                  config       000000
__Lconst                   const        000000
__LcstackBANK0             cstackBANK0  000000
__LcstackCOMRAM            cstackCOMRAM 000000
__Ldata                    data         000000
__LdataBANK0               dataBANK0    000000
__Leeprom_data             eeprom_data  000000
__Lfarbss                  farbss       000000
__Lfardata                 fardata      000000
__Libigdata                ibigdata     000000
__Lidata                   idata        000000
__LidataBANK0              idataBANK0   000000
__Lidloc                   idloc        000000
__Lifardata                ifardata     000000
__Linit                    init         000000
__Lintcode                 intcode      000000
__Lintcode_body            intcode_body 000000
__Lintcodelo               intcodelo    000000
__Lintentry                intentry     000000
__Lintret                  intret       000000
__Lintsave_regs            intsave_regs 000000
__Lirdata                  irdata       000000
__Lmediumconst             mediumconst  000000
__LnvFARRAM                nvFARRAM     000000
__Lnvbit                   nvbit        000000
__Lnvrram                  nvrram       000000
__Lparam                   rparam       000000
__Lpowerup                 powerup      000000
__Lram                     ram          000000
__Lramtop                  ramtop       000600
__Lrbit                    rbit         000000
__Lrbss                    rbss         000000
__Lrdata                   rdata        000000
__Lreset_vec               reset_vec    000000
__Lrparam                  rparam       000000
__Lsfr                     sfr          000000
__Lsmallconst              smallconst   000600
__Lspace_0                 (abs)        000000
__Lspace_1                 (abs)        000000
__Lspace_2                 (abs)        000000
__Lspace_4                 (abs)        000000
__Lstack                   stack        000000
__Lstruct                  struct       000000
__Ltemp                    temp         000000
__Ltext                    text         000000
__Ltext0                   text0        000000
__Ltext1                   text1        000000
__Ltext10                  text10       000000
__Ltext11                  text11       000000
__Ltext12                  text12       000000
__Ltext13                  text13       000000
__Ltext14                  text14       000000
__Ltext15                  text15       000000
__Ltext16                  text16       000000
__Ltext17                  text17       000000
__Ltext18                  text18       000000
__Ltext19                  text19       000000
__Ltext2                   text2        000000
__Ltext20                  text20       000000
__Ltext21                  text21       000000
__Ltext22                  text22       000000
__Ltext23                  text23       000000
__Ltext24                  text24       000000
__Ltext25                  text25       000000
__Ltext26                  text26       000000
__Ltext27                  text27       000000
__Ltext28                  text28       000000
__Ltext29                  text29       000000
__Ltext3                   text3        000000
__Ltext30                  text30       000000
__Ltext31                  text31       000000
__Ltext32                  text32       000000
__Ltext33                  text33       000000
__Ltext34                  text34       000000
__Ltext35                  text35       000000
__Ltext36                  text36       000000
__Ltext4                   text4        000000
__Ltext5                   text5        000000
__Ltext6                   text6        000000
__Ltext7                   text7        000000
__Ltext8                   text8        000000
__Ltext9                   text9        000000
__S0                       (abs)        003334
__S1                       (abs)        000124
__S2                       (abs)        000000
__S4                       (abs)        000000
__S5                       (abs)        000000
___aodiv                   text22       0023BC
___aodiv@counter           cstackCOMRAM 000011
___aodiv@dividend          cstackCOMRAM 000001
___aodiv@divisor           cstackCOMRAM 000009
___aodiv@quotient          cstackCOMRAM 000013
___aodiv@sign              cstackCOMRAM 000012
___aomod                   text21       0026CA
___aomod@counter           cstackCOMRAM 000011
___aomod@dividend          cstackCOMRAM 000001
___aomod@divisor           cstackCOMRAM 000009
___aomod@sign              cstackCOMRAM 000012
___inthi_sp                stack        000000
___intlo_sp                stack        000000
___lodiv                   text12       00294A
___lodiv@counter           cstackCOMRAM 000019
___lodiv@dividend          cstackCOMRAM 000001
___lodiv@divisor           cstackCOMRAM 000009
___lodiv@quotient          cstackCOMRAM 000011
___lomod                   text11       002BF0
___lomod@counter           cstackCOMRAM 000011
___lomod@dividend          cstackCOMRAM 000001
___lomod@divisor           cstackCOMRAM 000009
___param_bank              (abs)        000000
___rparam_used             (abs)        000001
___sp                      stack        000000
___wmul                    text29       0032A8
___wmul@multiplicand       cstackCOMRAM 000003
___wmul@multiplier         cstackCOMRAM 000001
___wmul@product            cstackCOMRAM 000005
__accesstop                (abs)        000080
__activetblptr             (abs)        000002
__end_of_ADC_intialize     text36       0032EE
__end_of_CLK_intialize     text35       003324
__end_of_PORT_Initialize   text34       003332
__end_of_Read_ADC          text33       00319A
__end_of_UART_Init         text32       003318
__end_of_UART_send_char    text31       003304
__end_of_UART_send_string  text30       00300C
__end_of___aodiv           text22       002544
__end_of___aomod           text21       00282E
__end_of___lodiv           text12       002A3A
__end_of___lomod           text11       002CC0
__end_of___wmul            text29       0032CE
__end_of__initialization   cinit        0030DA
__end_of_abs               text20       003124
__end_of_atoi              text26       0023BC
__end_of_ctoa              text23       002BF0
__end_of_dtoa              text16       001B64
__end_of_fputc             text24       002D8A
__end_of_fputs             text19       0030A2
__end_of_isalpha           text9        003160
__end_of_isdigit           text28       003242
__end_of_islower           text7        0031D2
__end_of_isspace           text27       00305E
__end_of_isupper           text8        00320A
__end_of_main              text0        002EEE
__end_of_otoa              text15       00222C
__end_of_pad               text17       002E50
__end_of_putch             text25       003334
__end_of_snprintf          text1        0032A8
__end_of_stoa              text14       0026CA
__end_of_strlen            text18       003278
__end_of_strncmp           text13       002B18
__end_of_toupper           text6        002FAE
__end_of_utoa              text10       00203E
__end_of_vfpfcnvrt         text4        001882
__end_of_vfprintf          text3        002F50
__end_of_vsnprintf         text2        00294A
__end_of_xtoa              text5        001E3C
__initialization           cinit        0030A2
__mediumconst              mediumconst  000000
__pbssBANK0                bssBANK0     000080
__pbssBANK1                bssBANK1     000100
__pcinit                   cinit        0030A2
__pcstackBANK0             cstackBANK0  0000B8
__pcstackCOMRAM            cstackCOMRAM 000001
__pdataBANK0               dataBANK0    0000E4
__pidataBANK0              idataBANK0   003324
__psmallconst              smallconst   000600
__ptext0                   text0        002E50
__ptext1                   text1        003278
__ptext10                  text10       001E3C
__ptext11                  text11       002BF0
__ptext12                  text12       00294A
__ptext13                  text13       002A3A
__ptext14                  text14       002544
__ptext15                  text15       00203E
__ptext16                  text16       001882
__ptext17                  text17       002D8A
__ptext18                  text18       003242
__ptext19                  text19       00305E
__ptext2                   text2        00282E
__ptext20                  text20       0030E4
__ptext21                  text21       0026CA
__ptext22                  text22       0023BC
__ptext23                  text23       002B18
__ptext24                  text24       002CC0
__ptext25                  text25       003332
__ptext26                  text26       00222C
__ptext27                  text27       00300C
__ptext28                  text28       00320A
__ptext29                  text29       0032A8
__ptext3                   text3        002EEE
__ptext30                  text30       002FAE
__ptext31                  text31       0032EE
__ptext32                  text32       003304
__ptext33                  text33       003160
__ptext34                  text34       00332C
__ptext35                  text35       003318
__ptext36                  text36       0032CE
__ptext4                   text4        000650
__ptext5                   text5        001B64
__ptext6                   text6        002F50
__ptext7                   text7        00319A
__ptext8                   text8        0031D2
__ptext9                   text9        003124
__ramtop                   ramtop       000600
__size_of_ADC_intialize    (abs)        000000
__size_of_CLK_intialize    (abs)        000000
__size_of_PORT_Initialize  (abs)        000000
__size_of_Read_ADC         (abs)        000000
__size_of_UART_Init        (abs)        000000
__size_of_UART_send_char   (abs)        000000
__size_of_UART_send_string (abs)        000000
__size_of___aodiv          (abs)        000000
__size_of___aomod          (abs)        000000
__size_of___lodiv          (abs)        000000
__size_of___lomod          (abs)        000000
__size_of___wmul           (abs)        000000
__size_of_abs              (abs)        000000
__size_of_atoi             (abs)        000000
__size_of_ctoa             (abs)        000000
__size_of_dtoa             (abs)        000000
__size_of_fputc            (abs)        000000
__size_of_fputs            (abs)        000000
__size_of_isalpha          (abs)        000000
__size_of_isdigit          (abs)        000000
__size_of_islower          (abs)        000000
__size_of_isspace          (abs)        000000
__size_of_isupper          (abs)        000000
__size_of_main             (abs)        000000
__size_of_otoa             (abs)        000000
__size_of_pad              (abs)        000000
__size_of_putch            (abs)        000000
__size_of_snprintf         (abs)        000000
__size_of_stoa             (abs)        000000
__size_of_strlen           (abs)        000000
__size_of_strncmp          (abs)        000000
__size_of_toupper          (abs)        000000
__size_of_utoa             (abs)        000000
__size_of_vfpfcnvrt        (abs)        000000
__size_of_vfprintf         (abs)        000000
__size_of_vsnprintf        (abs)        000000
__size_of_xtoa             (abs)        000000
__smallconst               smallconst   000600
_abs                       text20       0030E4
_atoi                      text26       00222C
_atoi$1303                 cstackCOMRAM 000010
_atoi$1304                 cstackCOMRAM 000014
_atoi$1305                 cstackCOMRAM 000012
_buffer                    bssBANK1     000100
_ctoa                      text23       002B18
_dbuf                      bssBANK0     000098
_dtoa                      text16       001882
_dtoa$1126                 cstackCOMRAM 00002E
_errno                     bssBANK0     000094
_flags                     bssBANK0     000092
_fputc                     text24       002CC0
_fputs                     text19       00305E
_i                         bssBANK0     000096
_isalpha                   text9        003124
_isdigit                   text28       00320A
_islower                   text7        00319A
_isspace                   text27       00300C
_isspace$1331              cstackCOMRAM 000007
_isupper                   text8        0031D2
_main                      text0        002E50
_nout                      bssBANK0     00008C
_otoa                      text15       00203E
_pad                       text17       002D8A
_prec                      bssBANK0     000090
_putch                     text25       003332
_snprintf                  text1        003278
_stoa                      text14       002544
_strlen                    text18       003242
_strncmp                   text13       002A3A
_toupper                   text6        002F50
_toupper$1391              cstackCOMRAM 00000D
_utoa                      text10       001E3C
_value                     bssBANK0     000084
_vfpfcnvrt                 text4        000650
_vfpfcnvrt$1178            cstackCOMRAM 000051
_vfpfcnvrt$1179            cstackCOMRAM 000053
_vfprintf                  text3        002EEE
_voltage                   bssBANK0     000088
_vsnprintf                 text2        00282E
_vsnprintf$1041            cstackBANK0  0000B8
_width                     bssBANK0     00008E
_xtoa                      text5        001B64
_xtoa$1163                 cstackCOMRAM 00002F
_xtoa$1164                 cstackCOMRAM 000031
abs@a                      cstackCOMRAM 000013
atoi@n                     cstackCOMRAM 000015
atoi@neg                   cstackCOMRAM 00000E
atoi@s                     cstackCOMRAM 000008
ctoa@c                     cstackCOMRAM 00000C
ctoa@fp                    cstackCOMRAM 00000A
ctoa@l                     cstackCOMRAM 00000E
ctoa@w                     cstackCOMRAM 000010
dtoa@d                     cstackCOMRAM 00001E
dtoa@fp                    cstackCOMRAM 00001C
dtoa@i                     cstackCOMRAM 00003E
dtoa@n                     cstackCOMRAM 000036
dtoa@p                     cstackCOMRAM 000030
dtoa@s                     cstackCOMRAM 000034
dtoa@w                     cstackCOMRAM 000032
end_of_initialization      cinit        0030DA
fputc@c                    cstackCOMRAM 000001
fputc@fp                   cstackCOMRAM 000003
fputs@c                    cstackCOMRAM 00000E
fputs@fp                   cstackCOMRAM 00000C
fputs@i                    cstackCOMRAM 00000F
fputs@s                    cstackCOMRAM 00000A
intlevel0                  text         000000
intlevel1                  text         000000
intlevel2                  text         000000
intlevel3                  text         000000
isalpha@c                  cstackCOMRAM 000001
isdigit@c                  cstackCOMRAM 000001
islower@c                  cstackCOMRAM 000001
isspace@c                  cstackCOMRAM 000001
isupper@c                  cstackCOMRAM 000001
main@_adc_str              cstackBANK0  0000CE
main@adc                   cstackBANK0  0000E2
otoa@d                     cstackCOMRAM 00001E
otoa@fp                    cstackCOMRAM 00001C
otoa@i                     cstackCOMRAM 00003C
otoa@n                     cstackCOMRAM 000034
otoa@p                     cstackCOMRAM 00002E
otoa@t                     cstackCOMRAM 000030
otoa@w                     cstackCOMRAM 000032
pad@buf                    cstackCOMRAM 000013
pad@fp                     cstackCOMRAM 000011
pad@i                      cstackCOMRAM 000018
pad@p                      cstackCOMRAM 000015
pad@w                      cstackCOMRAM 00001A
snprintf@ap                cstackBANK0  0000CC
snprintf@fmt               cstackBANK0  0000C6
snprintf@n                 cstackBANK0  0000C4
snprintf@s                 cstackBANK0  0000C2
stackhi                    (abs)        0005FF
stacklo                    (abs)        000124
start                      init         000000
start_initialization       cinit        0030A2
stoa@F1154                 dataBANK0    0000E4
stoa@cp                    cstackCOMRAM 00001A
stoa@fp                    cstackCOMRAM 00000A
stoa@i                     cstackCOMRAM 000016
stoa@l                     cstackCOMRAM 00001E
stoa@nuls                  cstackCOMRAM 00000F
stoa@p                     cstackCOMRAM 00001C
stoa@s                     cstackCOMRAM 00000C
stoa@w                     cstackCOMRAM 000018
strlen@a                   cstackCOMRAM 000003
strlen@s                   cstackCOMRAM 000001
strncmp@_l                 cstackCOMRAM 000001
strncmp@_r                 cstackCOMRAM 000003
strncmp@l                  cstackCOMRAM 000008
strncmp@n                  cstackCOMRAM 000005
strncmp@r                  cstackCOMRAM 00000A
toupper@c                  cstackCOMRAM 000007
utoa@d                     cstackCOMRAM 00001E
utoa@fp                    cstackCOMRAM 00001C
utoa@i                     cstackCOMRAM 00003A
utoa@n                     cstackCOMRAM 000032
utoa@p                     cstackCOMRAM 00002E
utoa@w                     cstackCOMRAM 000030
vfpfcnvrt@ap               cstackCOMRAM 000047
vfpfcnvrt@c                cstackCOMRAM 00005F
vfpfcnvrt@cp               cstackCOMRAM 00004D
vfpfcnvrt@done             cstackCOMRAM 00004F
vfpfcnvrt@fmt              cstackCOMRAM 000045
vfpfcnvrt@fp               cstackCOMRAM 000043
vfpfcnvrt@ll               cstackCOMRAM 000055
vfpfcnvrt@llu              cstackCOMRAM 000060
vfpfcnvrt@vp               cstackCOMRAM 00005D
vfprintf@ap                cstackCOMRAM 00006C
vfprintf@cfmt              cstackCOMRAM 00006E
vfprintf@fmt               cstackCOMRAM 00006A
vfprintf@fp                cstackCOMRAM 000068
vsnprintf@ap               cstackCOMRAM 000076
vsnprintf@cnt              cstackBANK0  0000BA
vsnprintf@f                cstackBANK0  0000BC
vsnprintf@fmt              cstackCOMRAM 000074
vsnprintf@n                cstackCOMRAM 000072
vsnprintf@s                cstackCOMRAM 000070
xtoa@c                     cstackCOMRAM 000041
xtoa@d                     cstackCOMRAM 00001E
xtoa@fp                    cstackCOMRAM 00001C
xtoa@i                     cstackCOMRAM 00003F
xtoa@n                     cstackCOMRAM 000037
xtoa@p                     cstackCOMRAM 000033
xtoa@w                     cstackCOMRAM 000035
xtoa@x                     cstackCOMRAM 000026


FUNCTION INFORMATION:

 *************** function _main *****************
 Defined at:
		line 105 in file "Test.c"
 Parameters:    Size  Location     Type
		None
 Auto vars:     Size  Location     Type
  _adc_str       20   22[BANK0 ] unsigned char [20]
  adc             2   42[BANK0 ] unsigned int 
 Return value:  Size  Location     Type
                  1    wreg      void 
 Registers used:
		wreg, fsr1l, fsr1h, fsr2l, fsr2h, status,2, status,0, tblptrl, tblptrh, tblptru, prodl, prodh, cstack
 Tracked objects:
		On entry : 
		On exit  : 
		Unchanged: 
 Data sizes:     COMRAM   BANK0   BANK1   BANK2   BANK3   BANK4   BANK5
      Params:         0       0       0       0       0       0       0
      Locals:         0      22       0       0       0       0       0
      Temps:          2       0       0       0       0       0       0
      Totals:         2      22       0       0       0       0       0
Total ram usage:       24 bytes
 Hardware stack levels required when called:    9
 This function calls:
		_ADC_intialize
		_CLK_intialize
		_PORT_Initialize
		_Read_ADC
		_UART_Init
		_UART_send_string
		_snprintf
 This function is called by:
		Startup code after reset
 This function uses a non-reentrant model


 *************** function _snprintf *****************
 Defined at:
		line 4 in file "C:\Program Files\Microchip\xc8\v2.31\pic\sources\c99\common\snprintf.c"
 Parameters:    Size  Location     Type
  s               2   10[BANK0 ] PTR unsigned char 
		 -> main@_adc_str(20), 
  n               2   12[BANK0 ] unsigned int 
  fmt             2   14[BANK0 ] PTR const unsigned char 
		 -> STR_2(9), 
 Auto vars:     Size  Location     Type
  ap              2   20[BANK0 ] PTR void [1]
		 -> ?_snprintf(2), 
  ret             2    0        int 
 Return value:  Size  Location     Type
                  2   10[BANK0 ] int 
 Registers used:
		wreg, fsr1l, fsr1h, fsr2l, fsr2h, status,2, status,0, tblptrl, tblptrh, tblptru, prodl, prodh, cstack
 Tracked objects:
		On entry : 
		On exit  : 
		Unchanged: 
 Data sizes:     COMRAM   BANK0   BANK1   BANK2   BANK3   BANK4   BANK5
      Params:         0       8       0       0       0       0       0
      Locals:         0       4       0       0       0       0       0
      Temps:          0       0       0       0       0       0       0
      Totals:         0      12       0       0       0       0       0
Total ram usage:       12 bytes
 Hardware stack levels used:    1
 Hardware stack levels required when called:    8
 This function calls:
		_vsnprintf
 This function is called by:
		_main
 This function uses a non-reentrant model


 *************** function _vsnprintf *****************
 Defined at:
		line 11 in file "C:\Program Files\Microchip\xc8\v2.31\pic\sources\c99\common\nf_vsnprintf.c"
 Parameters:    Size  Location     Type
  s               2  111[COMRAM] PTR unsigned char 
		 -> main@_adc_str(20), 
  n               2  113[COMRAM] unsigned int 
  fmt             2  115[COMRAM] PTR const unsigned char 
		 -> STR_2(9), 
  ap              2  117[COMRAM] PTR PTR void 
		 -> snprintf@ap(2), 
 Auto vars:     Size  Location     Type
  f               6    4[BANK0 ] struct _IO_FILE
  cnt             2    2[BANK0 ] int 
 Return value:  Size  Location     Type
                  2  111[COMRAM] int 
 Registers used:
		wreg, fsr1l, fsr1h, fsr2l, fsr2h, status,2, status,0, tblptrl, tblptrh, tblptru, prodl, prodh, cstack
 Tracked objects:
		On entry : 
		On exit  : 
		Unchanged: 
 Data sizes:     COMRAM   BANK0   BANK1   BANK2   BANK3   BANK4   BANK5
      Params:         8       0       0       0       0       0       0
      Locals:         0      10       0       0       0       0       0
      Temps:          5       0       0       0       0       0       0
      Totals:        13      10       0       0       0       0       0
Total ram usage:       23 bytes
 Hardware stack levels used:    1
 Hardware stack levels required when called:    7
 This function calls:
		_vfprintf
 This function is called by:
		_snprintf
 This function uses a non-reentrant model


 *************** function _vfprintf *****************
 Defined at:
		line 1390 in file "C:\Program Files\Microchip\xc8\v2.31\pic\sources\c99\common\doprnt.c"
 Parameters:    Size  Location     Type
  fp              2  103[COMRAM] PTR struct _IO_FILE
		 -> vsnprintf@f(6), 
  fmt             2  105[COMRAM] PTR const unsigned char 
		 -> STR_2(9), 
  ap              2  107[COMRAM] PTR PTR void 
		 -> snprintf@ap(2), 
 Auto vars:     Size  Location     Type
  cfmt            2  109[COMRAM] PTR unsigned char 
		 -> STR_2(9), 
 Return value:  Size  Location     Type
                  2  103[COMRAM] int 
 Registers used:
		wreg, fsr1l, fsr1h, fsr2l, fsr2h, status,2, status,0, tblptrl, tblptrh, tblptru, prodl, prodh, cstack
 Tracked objects:
		On entry : 
		On exit  : 
		Unchanged: 
 Data sizes:     COMRAM   BANK0   BANK1   BANK2   BANK3   BANK4   BANK5
      Params:         6       0       0       0       0       0       0
      Locals:         2       0       0       0       0       0       0
      Temps:          0       0       0       0       0       0       0
      Totals:         8       0       0       0       0       0       0
Total ram usage:        8 bytes
 Hardware stack levels used:    1
 Hardware stack levels required when called:    6
 This function calls:
		_vfpfcnvrt
 This function is called by:
		_vsnprintf
 This function uses a non-reentrant model


 *************** function _vfpfcnvrt *****************
 Defined at:
		line 692 in file "C:\Program Files\Microchip\xc8\v2.31\pic\sources\c99\common\doprnt.c"
 Parameters:    Size  Location     Type
  fp              2   66[COMRAM] PTR struct _IO_FILE
		 -> vsnprintf@f(6), 
  fmt             2   68[COMRAM] PTR PTR unsigned char 
		 -> vfprintf@cfmt(2), 
  ap              2   70[COMRAM] PTR PTR void 
		 -> snprintf@ap(2), 
 Auto vars:     Size  Location     Type
  llu             8   95[COMRAM] unsigned long long 
  ll              8   84[COMRAM] long long 
  f               4    0        long long 
  ct              3    0        unsigned char [3]
  vp              2   92[COMRAM] PTR void 
		 -> ?_snprintf(2), 
  done            2   78[COMRAM] int 
  cp              2   76[COMRAM] PTR unsigned char 
		 -> ?_snprintf(2), 
  i               2    0        int 
  c               1   94[COMRAM] unsigned char 
 Return value:  Size  Location     Type
                  2   66[COMRAM] int 
 Registers used:
		wreg, fsr1l, fsr1h, fsr2l, fsr2h, status,2, status,0, tblptrl, tblptrh, tblptru, prodl, prodh, cstack
 Tracked objects:
		On entry : 
		On exit  : 
		Unchanged: 
 Data sizes:     COMRAM   BANK0   BANK1   BANK2   BANK3   BANK4   BANK5
      Params:         6       0       0       0       0       0       0
      Locals:        27       0       0       0       0       0       0
      Temps:          4       0       0       0       0       0       0
      Totals:        37       0       0       0       0       0       0
Total ram usage:       37 bytes
 Hardware stack levels used:    1
 Hardware stack levels required when called:    5
 This function calls:
		_atoi
		_ctoa
		_dtoa
		_fputc
		_isdigit
		_otoa
		_stoa
		_strncmp
		_utoa
		_xtoa
 This function is called by:
		_vfprintf
 This function uses a non-reentrant model


 *************** function _xtoa *****************
 Defined at:
		line 645 in file "C:\Program Files\Microchip\xc8\v2.31\pic\sources\c99\common\doprnt.c"
 Parameters:    Size  Location     Type
  fp              2   27[COMRAM] PTR struct _IO_FILE
		 -> vsnprintf@f(6), 
  d               8   29[COMRAM] unsigned long long 
  x               1   37[COMRAM] unsigned char 
 Auto vars:     Size  Location     Type
  n               8   54[COMRAM] unsigned long long 
  c               2   64[COMRAM] int 
  i               2   62[COMRAM] int 
  w               2   52[COMRAM] int 
  p               2   50[COMRAM] int 
 Return value:  Size  Location     Type
                  2   27[COMRAM] int 
 Registers used:
		wreg, fsr1l, fsr1h, fsr2l, fsr2h, status,2, status,0, cstack
 Tracked objects:
		On entry : 
		On exit  : 
		Unchanged: 
 Data sizes:     COMRAM   BANK0   BANK1   BANK2   BANK3   BANK4   BANK5
      Params:        11       0       0       0       0       0       0
      Locals:        20       0       0       0       0       0       0
      Temps:          8       0       0       0       0       0       0
      Totals:        39       0       0       0       0       0       0
Total ram usage:       39 bytes
 Hardware stack levels used:    1
 Hardware stack levels required when called:    4
 This function calls:
		_isalpha
		_isupper
		_pad
		_toupper
 This function is called by:
		_vfpfcnvrt
 This function uses a non-reentrant model


 *************** function _toupper *****************
 Defined at:
		line 4 in file "C:\Program Files\Microchip\xc8\v2.31\pic\sources\c99\common\toupper.c"
 Parameters:    Size  Location     Type
  c               2    6[COMRAM] int 
 Auto vars:     Size  Location     Type
		None
 Return value:  Size  Location     Type
                  2    6[COMRAM] int 
 Registers used:
		wreg, status,2, status,0
 Tracked objects:
		On entry : 
		On exit  : 
		Unchanged: 
 Data sizes:     COMRAM   BANK0   BANK1   BANK2   BANK3   BANK4   BANK5
      Params:         2       0       0       0       0       0       0
      Locals:         2       0       0       0       0       0       0
      Temps:          4       0       0       0       0       0       0
      Totals:         8       0       0       0       0       0       0
Total ram usage:        8 bytes
 Hardware stack levels used:    1
 Hardware stack levels required when called:    1
 This function calls:
		_islower
 This function is called by:
		_xtoa
 This function uses a non-reentrant model


 *************** function _islower *****************
 Defined at:
		line 5 in file "C:\Program Files\Microchip\xc8\v2.31\pic\sources\c99\common\islower.c"
 Parameters:    Size  Location     Type
  c               2    0[COMRAM] int 
 Auto vars:     Size  Location     Type
		None
 Return value:  Size  Location     Type
                  2    0[COMRAM] int 
 Registers used:
		wreg, status,2, status,0
 Tracked objects:
		On entry : 
		On exit  : 
		Unchanged: 
 Data sizes:     COMRAM   BANK0   BANK1   BANK2   BANK3   BANK4   BANK5
      Params:         2       0       0       0       0       0       0
      Locals:         0       0       0       0       0       0       0
      Temps:          4       0       0       0       0       0       0
      Totals:         6       0       0       0       0       0       0
Total ram usage:        6 bytes
 Hardware stack levels used:    1
 This function calls:
		Nothing
 This function is called by:
		_toupper
 This function uses a non-reentrant model


 *************** function _isupper *****************
 Defined at:
		line 5 in file "C:\Program Files\Microchip\xc8\v2.31\pic\sources\c99\common\isupper.c"
 Parameters:    Size  Location     Type
  c               2    0[COMRAM] int 
 Auto vars:     Size  Location     Type
		None
 Return value:  Size  Location     Type
                  2    0[COMRAM] int 
 Registers used:
		wreg, status,2, status,0
 Tracked objects:
		On entry : 
		On exit  : 
		Unchanged: 
 Data sizes:     COMRAM   BANK0   BANK1   BANK2   BANK3   BANK4   BANK5
      Params:         2       0       0       0       0       0       0
      Locals:         0       0       0       0       0       0       0
      Temps:          4       0       0       0       0       0       0
      Totals:         6       0       0       0       0       0       0
Total ram usage:        6 bytes
 Hardware stack levels used:    1
 This function calls:
		Nothing
 This function is called by:
		_xtoa
 This function uses a non-reentrant model


 *************** function _isalpha *****************
 Defined at:
		line 5 in file "C:\Program Files\Microchip\xc8\v2.31\pic\sources\c99\common\isalpha.c"
 Parameters:    Size  Location     Type
  c               2    0[COMRAM] int 
 Auto vars:     Size  Location     Type
		None
 Return value:  Size  Location     Type
                  2    0[COMRAM] int 
 Registers used:
		wreg, status,2, status,0
 Tracked objects:
		On entry : 
		On exit  : 
		Unchanged: 
 Data sizes:     COMRAM   BANK0   BANK1   BANK2   BANK3   BANK4   BANK5
      Params:         2       0       0       0       0       0       0
      Locals:         0       0       0       0       0       0       0
      Temps:          4       0       0       0       0       0       0
      Totals:         6       0       0       0       0       0       0
Total ram usage:        6 bytes
 Hardware stack levels used:    1
 This function calls:
		Nothing
 This function is called by:
		_xtoa
 This function uses a non-reentrant model


 *************** function _utoa *****************
 Defined at:
		line 615 in file "C:\Program Files\Microchip\xc8\v2.31\pic\sources\c99\common\doprnt.c"
 Parameters:    Size  Location     Type
  fp              2   27[COMRAM] PTR struct _IO_FILE
		 -> vsnprintf@f(6), 
  d               8   29[COMRAM] unsigned long long 
 Auto vars:     Size  Location     Type
  n               8   49[COMRAM] unsigned long long 
  i               2   57[COMRAM] int 
  w               2   47[COMRAM] int 
  p               2   45[COMRAM] int 
 Return value:  Size  Location     Type
                  2   27[COMRAM] int 
 Registers used:
		wreg, fsr1l, fsr1h, fsr2l, fsr2h, status,2, status,0, cstack
 Tracked objects:
		On entry : 
		On exit  : 
		Unchanged: 
 Data sizes:     COMRAM   BANK0   BANK1   BANK2   BANK3   BANK4   BANK5
      Params:        10       0       0       0       0       0       0
      Locals:        14       0       0       0       0       0       0
      Temps:          8       0       0       0       0       0       0
      Totals:        32       0       0       0       0       0       0
Total ram usage:       32 bytes
 Hardware stack levels used:    1
 Hardware stack levels required when called:    4
 This function calls:
		___lodiv
		___lomod
		_pad
 This function is called by:
		_vfpfcnvrt
 This function uses a non-reentrant model


 *************** function ___lomod *****************
 Defined at:
		line 9 in file "C:\Program Files\Microchip\xc8\v2.31\pic\sources\c99\common\lomod.c"
 Parameters:    Size  Location     Type
  dividend        8    0[COMRAM] unsigned long long 
  divisor         8    8[COMRAM] unsigned long long 
 Auto vars:     Size  Location     Type
  counter         1   16[COMRAM] unsigned char 
 Return value:  Size  Location     Type
                  8    0[COMRAM] unsigned long long 
 Registers used:
		wreg, status,2, status,0
 Tracked objects:
		On entry : 
		On exit  : 
		Unchanged: 
 Data sizes:     COMRAM   BANK0   BANK1   BANK2   BANK3   BANK4   BANK5
      Params:        16       0       0       0       0       0       0
      Locals:         1       0       0       0       0       0       0
      Temps:          0       0       0       0       0       0       0
      Totals:        17       0       0       0       0       0       0
Total ram usage:       17 bytes
 Hardware stack levels used:    1
 This function calls:
		Nothing
 This function is called by:
		_utoa
 This function uses a non-reentrant model


 *************** function ___lodiv *****************
 Defined at:
		line 9 in file "C:\Program Files\Microchip\xc8\v2.31\pic\sources\c99\common\lodiv.c"
 Parameters:    Size  Location     Type
  dividend        8    0[COMRAM] unsigned long long 
  divisor         8    8[COMRAM] unsigned long long 
 Auto vars:     Size  Location     Type
  quotient        8   16[COMRAM] unsigned long long 
  counter         1   24[COMRAM] unsigned char 
 Return value:  Size  Location     Type
                  8    0[COMRAM] unsigned long long 
 Registers used:
		wreg, fsr2l, fsr2h, status,2, status,0
 Tracked objects:
		On entry : 
		On exit  : 
		Unchanged: 
 Data sizes:     COMRAM   BANK0   BANK1   BANK2   BANK3   BANK4   BANK5
      Params:        16       0       0       0       0       0       0
      Locals:         9       0       0       0       0       0       0
      Temps:          0       0       0       0       0       0       0
      Totals:        25       0       0       0       0       0       0
Total ram usage:       25 bytes
 Hardware stack levels used:    1
 This function calls:
		Nothing
 This function is called by:
		_utoa
 This function uses a non-reentrant model


 *************** function _strncmp *****************
 Defined at:
		line 3 in file "C:\Program Files\Microchip\xc8\v2.31\pic\sources\c99\common\strncmp.c"
 Parameters:    Size  Location     Type
  _l              2    0[COMRAM] PTR const unsigned char 
		 -> STR_2(9), 
  _r              2    2[COMRAM] PTR const unsigned char 
		 -> STR_99(3), STR_95(3), STR_90(3), STR_86(3), 
		 -> STR_81(4), STR_77(4), STR_72(3), STR_67(3), 
		 -> STR_62(4), STR_57(3), STR_52(3), STR_47(4), 
		 -> STR_42(3), STR_37(3), STR_32(4), STR_27(3), 
		 -> STR_23(3), STR_18(3), STR_14(3), STR_9(4), 
		 -> STR_5(4), 
  n               2    4[COMRAM] unsigned int 
 Auto vars:     Size  Location     Type
  r               2    9[COMRAM] PTR const unsigned char 
		 -> STR_99(3), STR_95(3), STR_90(3), STR_86(3), 
		 -> STR_81(4), STR_77(4), STR_72(3), STR_67(3), 
		 -> STR_62(4), STR_57(3), STR_52(3), STR_47(4), 
		 -> STR_42(3), STR_37(3), STR_32(4), STR_27(3), 
		 -> STR_23(3), STR_18(3), STR_14(3), STR_9(4), 
		 -> STR_5(4), 
  l               2    7[COMRAM] PTR const unsigned char 
		 -> STR_2(9), 
 Return value:  Size  Location     Type
                  2    0[COMRAM] int 
 Registers used:
		wreg, status,2, status,0, tblptrl, tblptrh, tblptru
 Tracked objects:
		On entry : 
		On exit  : 
		Unchanged: 
 Data sizes:     COMRAM   BANK0   BANK1   BANK2   BANK3   BANK4   BANK5
      Params:         6       0       0       0       0       0       0
      Locals:         4       0       0       0       0       0       0
      Temps:          1       0       0       0       0       0       0
      Totals:        11       0       0       0       0       0       0
Total ram usage:       11 bytes
 Hardware stack levels used:    1
 This function calls:
		Nothing
 This function is called by:
		_vfpfcnvrt
 This function uses a non-reentrant model


 *************** function _stoa *****************
 Defined at:
		line 568 in file "C:\Program Files\Microchip\xc8\v2.31\pic\sources\c99\common\doprnt.c"
 Parameters:    Size  Location     Type
  fp              2    9[COMRAM] PTR struct _IO_FILE
		 -> vsnprintf@f(6), 
  s               2   11[COMRAM] PTR unsigned char 
		 -> ?_snprintf(2), 
 Auto vars:     Size  Location     Type
  nuls            7   14[COMRAM] unsigned char [7]
  l               2   29[COMRAM] int 
  p               2   27[COMRAM] int 
  cp              2   25[COMRAM] PTR unsigned char 
		 -> stoa@nuls(7), ?_snprintf(2), 
  w               2   23[COMRAM] int 
  i               2   21[COMRAM] int 
 Return value:  Size  Location     Type
                  2    9[COMRAM] int 
 Registers used:
		wreg, fsr1l, fsr1h, fsr2l, fsr2h, status,2, status,0, cstack
 Tracked objects:
		On entry : 
		On exit  : 
		Unchanged: 
 Data sizes:     COMRAM   BANK0   BANK1   BANK2   BANK3   BANK4   BANK5
      Params:         4       0       0       0       0       0       0
      Locals:        17       0       0       0       0       0       0
      Temps:          1       0       0       0       0       0       0
      Totals:        22       0       0       0       0       0       0
Total ram usage:       22 bytes
 Hardware stack levels used:    1
 Hardware stack levels required when called:    2
 This function calls:
		_fputc
		_strlen
 This function is called by:
		_vfpfcnvrt
 This function uses a non-reentrant model


 *************** function _otoa *****************
 Defined at:
		line 529 in file "C:\Program Files\Microchip\xc8\v2.31\pic\sources\c99\common\doprnt.c"
 Parameters:    Size  Location     Type
  fp              2   27[COMRAM] PTR struct _IO_FILE
		 -> vsnprintf@f(6), 
  d               8   29[COMRAM] unsigned long long 
 Auto vars:     Size  Location     Type
  n               8   51[COMRAM] unsigned long long 
  i               2   59[COMRAM] int 
  w               2   49[COMRAM] int 
  t               2   47[COMRAM] int 
  p               2   45[COMRAM] int 
 Return value:  Size  Location     Type
                  2   27[COMRAM] int 
 Registers used:
		wreg, fsr1l, fsr1h, fsr2l, fsr2h, status,2, status,0, cstack
 Tracked objects:
		On entry : 
		On exit  : 
		Unchanged: 
 Data sizes:     COMRAM   BANK0   BANK1   BANK2   BANK3   BANK4   BANK5
      Params:        10       0       0       0       0       0       0
      Locals:        16       0       0       0       0       0       0
      Temps:          8       0       0       0       0       0       0
      Totals:        34       0       0       0       0       0       0
Total ram usage:       34 bytes
 Hardware stack levels used:    1
 Hardware stack levels required when called:    4
 This function calls:
		_pad
 This function is called by:
		_vfpfcnvrt
 This function uses a non-reentrant model


 *************** function _dtoa *****************
 Defined at:
		line 287 in file "C:\Program Files\Microchip\xc8\v2.31\pic\sources\c99\common\doprnt.c"
 Parameters:    Size  Location     Type
  fp              2   27[COMRAM] PTR struct _IO_FILE
		 -> vsnprintf@f(6), 
  d               8   29[COMRAM] long long 
 Auto vars:     Size  Location     Type
  n               8   53[COMRAM] long long 
  i               2   61[COMRAM] int 
  s               2   51[COMRAM] int 
  w               2   49[COMRAM] int 
  p               2   47[COMRAM] int 
 Return value:  Size  Location     Type
                  2   27[COMRAM] int 
 Registers used:
		wreg, fsr1l, fsr1h, fsr2l, fsr2h, status,2, status,0, cstack
 Tracked objects:
		On entry : 
		On exit  : 
		Unchanged: 
 Data sizes:     COMRAM   BANK0   BANK1   BANK2   BANK3   BANK4   BANK5
      Params:        10       0       0       0       0       0       0
      Locals:        18       0       0       0       0       0       0
      Temps:          8       0       0       0       0       0       0
      Totals:        36       0       0       0       0       0       0
Total ram usage:       36 bytes
 Hardware stack levels used:    1
 Hardware stack levels required when called:    4
 This function calls:
		___aodiv
		___aomod
		_abs
		_pad
 This function is called by:
		_vfpfcnvrt
 This function uses a non-reentrant model


 *************** function _pad *****************
 Defined at:
		line 72 in file "C:\Program Files\Microchip\xc8\v2.31\pic\sources\c99\common\doprnt.c"
 Parameters:    Size  Location     Type
  fp              2   16[COMRAM] PTR struct _IO_FILE
		 -> vsnprintf@f(6), 
  buf             2   18[COMRAM] PTR unsigned char 
		 -> dbuf(32), 
  p               2   20[COMRAM] int 
 Auto vars:     Size  Location     Type
  w               2   25[COMRAM] int 
  i               2   23[COMRAM] int 
 Return value:  Size  Location     Type
                  2   16[COMRAM] int 
 Registers used:
		wreg, fsr1l, fsr1h, fsr2l, fsr2h, status,2, status,0, cstack
 Tracked objects:
		On entry : 
		On exit  : 
		Unchanged: 
 Data sizes:     COMRAM   BANK0   BANK1   BANK2   BANK3   BANK4   BANK5
      Params:         6       0       0       0       0       0       0
      Locals:         4       0       0       0       0       0       0
      Temps:          1       0       0       0       0       0       0
      Totals:        11       0       0       0       0       0       0
Total ram usage:       11 bytes
 Hardware stack levels used:    1
 Hardware stack levels required when called:    3
 This function calls:
		_fputc
		_fputs
		_strlen
 This function is called by:
		_dtoa
		_otoa
		_utoa
		_xtoa
 This function uses a non-reentrant model


 *************** function _strlen *****************
 Defined at:
		line 5 in file "C:\Program Files\Microchip\xc8\v2.31\pic\sources\c99\common\strlen.c"
 Parameters:    Size  Location     Type
  s               2    0[COMRAM] PTR const unsigned char 
		 -> stoa@nuls(7), dbuf(32), ?_snprintf(2), 
 Auto vars:     Size  Location     Type
  a               2    2[COMRAM] PTR const unsigned char 
		 -> stoa@nuls(7), dbuf(32), ?_snprintf(2), 
 Return value:  Size  Location     Type
                  2    0[COMRAM] unsigned int 
 Registers used:
		wreg, fsr2l, fsr2h, status,2, status,0
 Tracked objects:
		On entry : 
		On exit  : 
		Unchanged: 
 Data sizes:     COMRAM   BANK0   BANK1   BANK2   BANK3   BANK4   BANK5
      Params:         2       0       0       0       0       0       0
      Locals:         2       0       0       0       0       0       0
      Temps:          0       0       0       0       0       0       0
      Totals:         4       0       0       0       0       0       0
Total ram usage:        4 bytes
 Hardware stack levels used:    1
 This function calls:
		Nothing
 This function is called by:
		_pad
		_stoa
 This function uses a non-reentrant model


 *************** function _fputs *****************
 Defined at:
		line 8 in file "C:\Program Files\Microchip\xc8\v2.31\pic\sources\c99\common\nf_fputs.c"
 Parameters:    Size  Location     Type
  s               2    9[COMRAM] PTR const unsigned char 
		 -> dbuf(32), 
  fp              2   11[COMRAM] PTR struct _IO_FILE
		 -> vsnprintf@f(6), 
 Auto vars:     Size  Location     Type
  i               2   14[COMRAM] int 
  c               1   13[COMRAM] unsigned char 
 Return value:  Size  Location     Type
                  2    9[COMRAM] int 
 Registers used:
		wreg, fsr1l, fsr1h, fsr2l, fsr2h, status,2, status,0, cstack
 Tracked objects:
		On entry : 
		On exit  : 
		Unchanged: 
 Data sizes:     COMRAM   BANK0   BANK1   BANK2   BANK3   BANK4   BANK5
      Params:         4       0       0       0       0       0       0
      Locals:         3       0       0       0       0       0       0
      Temps:          0       0       0       0       0       0       0
      Totals:         7       0       0       0       0       0       0
Total ram usage:        7 bytes
 Hardware stack levels used:    1
 Hardware stack levels required when called:    2
 This function calls:
		_fputc
 This function is called by:
		_pad
 This function uses a non-reentrant model


 *************** function _abs *****************
 Defined at:
		line 1 in file "C:\Program Files\Microchip\xc8\v2.31\pic\sources\c99\common\abs.c"
 Parameters:    Size  Location     Type
  a               2   18[COMRAM] int 
 Auto vars:     Size  Location     Type
		None
 Return value:  Size  Location     Type
                  2   18[COMRAM] int 
 Registers used:
		wreg, status,2, status,0
 Tracked objects:
		On entry : 
		On exit  : 
		Unchanged: 
 Data sizes:     COMRAM   BANK0   BANK1   BANK2   BANK3   BANK4   BANK5
      Params:         2       0       0       0       0       0       0
      Locals:         0       0       0       0       0       0       0
      Temps:          2       0       0       0       0       0       0
      Totals:         4       0       0       0       0       0       0
Total ram usage:        4 bytes
 Hardware stack levels used:    1
 This function calls:
		Nothing
 This function is called by:
		_dtoa
 This function uses a non-reentrant model


 *************** function ___aomod *****************
 Defined at:
		line 9 in file "C:\Program Files\Microchip\xc8\v2.31\pic\sources\c99\common\aomod.c"
 Parameters:    Size  Location     Type
  dividend        8    0[COMRAM] long long 
  divisor         8    8[COMRAM] long long 
 Auto vars:     Size  Location     Type
  sign            1   17[COMRAM] unsigned char 
  counter         1   16[COMRAM] unsigned char 
 Return value:  Size  Location     Type
                  8    0[COMRAM] long long 
 Registers used:
		wreg, status,2, status,0
 Tracked objects:
		On entry : 
		On exit  : 
		Unchanged: 
 Data sizes:     COMRAM   BANK0   BANK1   BANK2   BANK3   BANK4   BANK5
      Params:        16       0       0       0       0       0       0
      Locals:         2       0       0       0       0       0       0
      Temps:          0       0       0       0       0       0       0
      Totals:        18       0       0       0       0       0       0
Total ram usage:       18 bytes
 Hardware stack levels used:    1
 This function calls:
		Nothing
 This function is called by:
		_dtoa
 This function uses a non-reentrant model


 *************** function ___aodiv *****************
 Defined at:
		line 9 in file "C:\Program Files\Microchip\xc8\v2.31\pic\sources\c99\common\aodiv.c"
 Parameters:    Size  Location     Type
  dividend        8    0[COMRAM] long long 
  divisor         8    8[COMRAM] long long 
 Auto vars:     Size  Location     Type
  quotient        8   18[COMRAM] long long 
  sign            1   17[COMRAM] unsigned char 
  counter         1   16[COMRAM] unsigned char 
 Return value:  Size  Location     Type
                  8    0[COMRAM] long long 
 Registers used:
		wreg, fsr2l, fsr2h, status,2, status,0
 Tracked objects:
		On entry : 
		On exit  : 
		Unchanged: 
 Data sizes:     COMRAM   BANK0   BANK1   BANK2   BANK3   BANK4   BANK5
      Params:        16       0       0       0       0       0       0
      Locals:        10       0       0       0       0       0       0
      Temps:          0       0       0       0       0       0       0
      Totals:        26       0       0       0       0       0       0
Total ram usage:       26 bytes
 Hardware stack levels used:    1
 This function calls:
		Nothing
 This function is called by:
		_dtoa
 This function uses a non-reentrant model


 *************** function _ctoa *****************
 Defined at:
		line 259 in file "C:\Program Files\Microchip\xc8\v2.31\pic\sources\c99\common\doprnt.c"
 Parameters:    Size  Location     Type
  fp              2    9[COMRAM] PTR struct _IO_FILE
		 -> vsnprintf@f(6), 
  c               1   11[COMRAM] unsigned char 
 Auto vars:     Size  Location     Type
  w               2   15[COMRAM] int 
  l               2   13[COMRAM] int 
 Return value:  Size  Location     Type
                  2    9[COMRAM] int 
 Registers used:
		wreg, fsr1l, fsr1h, fsr2l, fsr2h, status,2, status,0, cstack
 Tracked objects:
		On entry : 
		On exit  : 
		Unchanged: 
 Data sizes:     COMRAM   BANK0   BANK1   BANK2   BANK3   BANK4   BANK5
      Params:         3       0       0       0       0       0       0
      Locals:         4       0       0       0       0       0       0
      Temps:          1       0       0       0       0       0       0
      Totals:         8       0       0       0       0       0       0
Total ram usage:        8 bytes
 Hardware stack levels used:    1
 Hardware stack levels required when called:    2
 This function calls:
		_fputc
 This function is called by:
		_vfpfcnvrt
 This function uses a non-reentrant model


 *************** function _fputc *****************
 Defined at:
		line 8 in file "C:\Program Files\Microchip\xc8\v2.31\pic\sources\c99\common\nf_fputc.c"
 Parameters:    Size  Location     Type
  c               2    0[COMRAM] int 
  fp              2    2[COMRAM] PTR struct _IO_FILE
		 -> vsnprintf@f(6), 
 Auto vars:     Size  Location     Type
		None
 Return value:  Size  Location     Type
                  2    0[COMRAM] int 
 Registers used:
		wreg, fsr1l, fsr1h, fsr2l, fsr2h, status,2, status,0, cstack
 Tracked objects:
		On entry : 
		On exit  : 
		Unchanged: 
 Data sizes:     COMRAM   BANK0   BANK1   BANK2   BANK3   BANK4   BANK5
      Params:         4       0       0       0       0       0       0
      Locals:         0       0       0       0       0       0       0
      Temps:          5       0       0       0       0       0       0
      Totals:         9       0       0       0       0       0       0
Total ram usage:        9 bytes
 Hardware stack levels used:    1
 Hardware stack levels required when called:    1
 This function calls:
		_putch
 This function is called by:
		_pad
		_ctoa
		_stoa
		_vfpfcnvrt
		_fputs
 This function uses a non-reentrant model


 *************** function _putch *****************
 Defined at:
		line 7 in file "C:\Program Files\Microchip\xc8\v2.31\pic\sources\c99\common\putch.c"
 Parameters:    Size  Location     Type
  c               1    wreg     unsigned char 
 Auto vars:     Size  Location     Type
  c               1    0[COMRAM] unsigned char 
 Return value:  Size  Location     Type
                  1    wreg      void 
 Registers used:
		wreg
 Tracked objects:
		On entry : 
		On exit  : 
		Unchanged: 
 Data sizes:     COMRAM   BANK0   BANK1   BANK2   BANK3   BANK4   BANK5
      Params:         0       0       0       0       0       0       0
      Locals:         0       0       0       0       0       0       0
      Temps:          0       0       0       0       0       0       0
      Totals:         0       0       0       0       0       0       0
Total ram usage:        0 bytes
 Hardware stack levels used:    1
 This function calls:
		Nothing
 This function is called by:
		_fputc
 This function uses a non-reentrant model


 *************** function _atoi *****************
 Defined at:
		line 4 in file "C:\Program Files\Microchip\xc8\v2.31\pic\sources\c99\common\atoi.c"
 Parameters:    Size  Location     Type
  s               2    7[COMRAM] PTR const unsigned char 
		 -> STR_2(9), 
 Auto vars:     Size  Location     Type
  n               2   20[COMRAM] int 
  neg             2   13[COMRAM] int 
 Return value:  Size  Location     Type
                  2    7[COMRAM] int 
 Registers used:
		wreg, status,2, status,0, tblptrl, tblptrh, tblptru, prodl, prodh, cstack
 Tracked objects:
		On entry : 
		On exit  : 
		Unchanged: 
 Data sizes:     COMRAM   BANK0   BANK1   BANK2   BANK3   BANK4   BANK5
      Params:         2       0       0       0       0       0       0
      Locals:         9       0       0       0       0       0       0
      Temps:          4       0       0       0       0       0       0
      Totals:        15       0       0       0       0       0       0
Total ram usage:       15 bytes
 Hardware stack levels used:    1
 Hardware stack levels required when called:    1
 This function calls:
		___wmul
		_isdigit
		_isspace
 This function is called by:
		_vfpfcnvrt
 This function uses a non-reentrant model


 *************** function _isspace *****************
 Defined at:
		line 5 in file "C:\Program Files\Microchip\xc8\v2.31\pic\sources\c99\common\isspace.c"
 Parameters:    Size  Location     Type
  c               2    0[COMRAM] int 
 Auto vars:     Size  Location     Type
		None
 Return value:  Size  Location     Type
                  2    0[COMRAM] int 
 Registers used:
		wreg, status,2, status,0
 Tracked objects:
		On entry : 
		On exit  : 
		Unchanged: 
 Data sizes:     COMRAM   BANK0   BANK1   BANK2   BANK3   BANK4   BANK5
      Params:         2       0       0       0       0       0       0
      Locals:         1       0       0       0       0       0       0
      Temps:          4       0       0       0       0       0       0
      Totals:         7       0       0       0       0       0       0
Total ram usage:        7 bytes
 Hardware stack levels used:    1
 This function calls:
		Nothing
 This function is called by:
		_atoi
 This function uses a non-reentrant model


 *************** function _isdigit *****************
 Defined at:
		line 5 in file "C:\Program Files\Microchip\xc8\v2.31\pic\sources\c99\common\isdigit.c"
 Parameters:    Size  Location     Type
  c               2    0[COMRAM] int 
 Auto vars:     Size  Location     Type
		None
 Return value:  Size  Location     Type
                  2    0[COMRAM] int 
 Registers used:
		wreg, status,2, status,0
 Tracked objects:
		On entry : 
		On exit  : 
		Unchanged: 
 Data sizes:     COMRAM   BANK0   BANK1   BANK2   BANK3   BANK4   BANK5
      Params:         2       0       0       0       0       0       0
      Locals:         0       0       0       0       0       0       0
      Temps:          4       0       0       0       0       0       0
      Totals:         6       0       0       0       0       0       0
Total ram usage:        6 bytes
 Hardware stack levels used:    1
 This function calls:
		Nothing
 This function is called by:
		_vfpfcnvrt
		_atoi
 This function uses a non-reentrant model


 *************** function ___wmul *****************
 Defined at:
		line 15 in file "C:\Program Files\Microchip\xc8\v2.31\pic\sources\c99\common\Umul16.c"
 Parameters:    Size  Location     Type
  multiplier      2    0[COMRAM] unsigned int 
  multiplicand    2    2[COMRAM] unsigned int 
 Auto vars:     Size  Location     Type
  product         2    4[COMRAM] unsigned int 
 Return value:  Size  Location     Type
                  2    0[COMRAM] unsigned int 
 Registers used:
		wreg, status,2, status,0, prodl, prodh
 Tracked objects:
		On entry : 
		On exit  : 
		Unchanged: 
 Data sizes:     COMRAM   BANK0   BANK1   BANK2   BANK3   BANK4   BANK5
      Params:         4       0       0       0       0       0       0
      Locals:         2       0       0       0       0       0       0
      Temps:          0       0       0       0       0       0       0
      Totals:         6       0       0       0       0       0       0
Total ram usage:        6 bytes
 Hardware stack levels used:    1
 This function calls:
		Nothing
 This function is called by:
		_atoi
 This function uses a non-reentrant model


 *************** function _UART_send_string *****************
 Defined at:
		line 54 in file "hw_uart.c"
 Parameters:    Size  Location     Type
  st_pt           2    1[COMRAM] PTR unsigned char 
		 -> main@_adc_str(20), STR_1(19), 
 Auto vars:     Size  Location     Type
		None
 Return value:  Size  Location     Type
                  1    wreg      void 
 Registers used:
		wreg, fsr1l, fsr1h, status,2, status,0, tblptrl, tblptrh, tblptru, cstack
 Tracked objects:
		On entry : 
		On exit  : 
		Unchanged: 
 Data sizes:     COMRAM   BANK0   BANK1   BANK2   BANK3   BANK4   BANK5
      Params:         2       0       0       0       0       0       0
      Locals:         0       0       0       0       0       0       0
      Temps:          0       0       0       0       0       0       0
      Totals:         2       0       0       0       0       0       0
Total ram usage:        2 bytes
 Hardware stack levels used:    1
 Hardware stack levels required when called:    1
 This function calls:
		_UART_send_char
 This function is called by:
		_main
 This function uses a non-reentrant model


 *************** function _UART_send_char *****************
 Defined at:
		line 27 in file "hw_uart.c"
 Parameters:    Size  Location     Type
  bt              1    wreg     unsigned char 
 Auto vars:     Size  Location     Type
  bt              1    0[COMRAM] unsigned char 
 Return value:  Size  Location     Type
                  1    wreg      void 
 Registers used:
		wreg
 Tracked objects:
		On entry : 
		On exit  : 
		Unchanged: 
 Data sizes:     COMRAM   BANK0   BANK1   BANK2   BANK3   BANK4   BANK5
      Params:         0       0       0       0       0       0       0
      Locals:         1       0       0       0       0       0       0
      Temps:          0       0       0       0       0       0       0
      Totals:         1       0       0       0       0       0       0
Total ram usage:        1 bytes
 Hardware stack levels used:    1
 This function calls:
		Nothing
 This function is called by:
		_UART_send_string
 This function uses a non-reentrant model


 *************** function _UART_Init *****************
 Defined at:
		line 10 in file "hw_uart.c"
 Parameters:    Size  Location     Type
  baud_rate       3    0[COMRAM] unsigned um
 Auto vars:     Size  Location     Type
		None
 Return value:  Size  Location     Type
                  1    wreg      void 
 Registers used:
		wreg, status,2
 Tracked objects:
		On entry : 
		On exit  : 
		Unchanged: 
 Data sizes:     COMRAM   BANK0   BANK1   BANK2   BANK3   BANK4   BANK5
      Params:         3       0       0       0       0       0       0
      Locals:         0       0       0       0       0       0       0
      Temps:          0       0       0       0       0       0       0
      Totals:         3       0       0       0       0       0       0
Total ram usage:        3 bytes
 Hardware stack levels used:    1
 This function calls:
		Nothing
 This function is called by:
		_main
 This function uses a non-reentrant model


 *************** function _Read_ADC *****************
 Defined at:
		line 22 in file "hw_adc.c"
 Parameters:    Size  Location     Type
		None
 Auto vars:     Size  Location     Type
  _voltage        2    4[COMRAM] unsigned int 
 Return value:  Size  Location     Type
                  2    0[COMRAM] unsigned int 
 Registers used:
		wreg, status,2, status,0
 Tracked objects:
		On entry : 
		On exit  : 
		Unchanged: 
 Data sizes:     COMRAM   BANK0   BANK1   BANK2   BANK3   BANK4   BANK5
      Params:         2       0       0       0       0       0       0
      Locals:         2       0       0       0       0       0       0
      Temps:          2       0       0       0       0       0       0
      Totals:         6       0       0       0       0       0       0
Total ram usage:        6 bytes
 Hardware stack levels used:    1
 This function calls:
		Nothing
 This function is called by:
		_main
 This function uses a non-reentrant model


 *************** function _PORT_Initialize *****************
 Defined at:
		line 89 in file "Test.c"
 Parameters:    Size  Location     Type
		None
 Auto vars:     Size  Location     Type
		None
 Return value:  Size  Location     Type
                  1    wreg      void 
 Registers used:
		None
 Tracked objects:
		On entry : 
		On exit  : 
		Unchanged: 
 Data sizes:     COMRAM   BANK0   BANK1   BANK2   BANK3   BANK4   BANK5
      Params:         0       0       0       0       0       0       0
      Locals:         0       0       0       0       0       0       0
      Temps:          0       0       0       0       0       0       0
      Totals:         0       0       0       0       0       0       0
Total ram usage:        0 bytes
 Hardware stack levels used:    1
 This function calls:
		Nothing
 This function is called by:
		_main
 This function uses a non-reentrant model


 *************** function _CLK_intialize *****************
 Defined at:
		line 77 in file "Test.c"
 Parameters:    Size  Location     Type
		None
 Auto vars:     Size  Location     Type
		None
 Return value:  Size  Location     Type
                  1    wreg      void 
 Registers used:
		wreg, status,2
 Tracked objects:
		On entry : 
		On exit  : 
		Unchanged: 
 Data sizes:     COMRAM   BANK0   BANK1   BANK2   BANK3   BANK4   BANK5
      Params:         0       0       0       0       0       0       0
      Locals:         0       0       0       0       0       0       0
      Temps:          0       0       0       0       0       0       0
      Totals:         0       0       0       0       0       0       0
Total ram usage:        0 bytes
 Hardware stack levels used:    1
 This function calls:
		Nothing
 This function is called by:
		_main
 This function uses a non-reentrant model


 *************** function _ADC_intialize *****************
 Defined at:
		line 49 in file "hw_adc.c"
 Parameters:    Size  Location     Type
		None
 Auto vars:     Size  Location     Type
		None
 Return value:  Size  Location     Type
                  1    wreg      void 
 Registers used:
		wreg, status,2
 Tracked objects:
		On entry : 
		On exit  : 
		Unchanged: 
 Data sizes:     COMRAM   BANK0   BANK1   BANK2   BANK3   BANK4   BANK5
      Params:         0       0       0       0       0       0       0
      Locals:         0       0       0       0       0       0       0
      Temps:          0       0       0       0       0       0       0
      Totals:         0       0       0       0       0       0       0
Total ram usage:        0 bytes
 Hardware stack levels used:    1
 This function calls:
		Nothing
 This function is called by:
		_main
 This function uses a non-reentrant model



MODULE INFORMATION

Module		Function		Class		Link	Load	Size
C:\Program Files\Microchip\xc8\v2.31\pic\sources\c99\common\isdigit.c
		_isdigit       		CODE           	320A	0000	56

C:\Program Files\Microchip\xc8\v2.31\pic\sources\c99\common\isdigit.c estimated size: 56

hw_uart.c
		_UART_Init     		CODE           	3304	0000	20
		_UART_send_string		CODE           	2FAE	0000	94
		_UART_send_char		CODE           	32EE	0000	22

hw_uart.c estimated size: 136

hw_adc.c
		_ADC_intialize 		CODE           	32CE	0000	32
		_Read_ADC      		CODE           	3160	0000	58

hw_adc.c estimated size: 90

C:\Program Files\Microchip\xc8\v2.31\pic\sources\c99\common\putch.c
		_putch         		CODE           	3332	0000	2

C:\Program Files\Microchip\xc8\v2.31\pic\sources\c99\common\putch.c estimated size: 2

C:\Program Files\Microchip\xc8\v2.31\pic\sources\c99\common\nf_fputs.c
		_fputs         		CODE           	305E	0000	68

C:\Program Files\Microchip\xc8\v2.31\pic\sources\c99\common\nf_fputs.c estimated size: 68

C:\Program Files\Microchip\xc8\v2.31\pic\sources\c99\common\lomod.c
		___lomod       		CODE           	2BF0	0000	208

C:\Program Files\Microchip\xc8\v2.31\pic\sources\c99\common\lomod.c estimated size: 208

C:\Program Files\Microchip\xc8\v2.31\pic\sources\c99\common\aomod.c
		___aomod       		CODE           	26CA	0000	356

C:\Program Files\Microchip\xc8\v2.31\pic\sources\c99\common\aomod.c estimated size: 356

C:\Program Files\Microchip\xc8\v2.31\pic\sources\c99\common\atoi.c
		_atoi          		CODE           	222C	0000	400

C:\Program Files\Microchip\xc8\v2.31\pic\sources\c99\common\atoi.c estimated size: 400

C:\Program Files\Microchip\xc8\v2.31\pic\sources\c99\common\abs.c
		_abs           		CODE           	30E4	0000	64

C:\Program Files\Microchip\xc8\v2.31\pic\sources\c99\common\abs.c estimated size: 64

C:\Program Files\Microchip\xc8\v2.31\pic\sources\c99\common\strlen.c
		_strlen        		CODE           	3242	0000	54

C:\Program Files\Microchip\xc8\v2.31\pic\sources\c99\common\strlen.c estimated size: 54

C:\Program Files\Microchip\xc8\v2.31\pic\sources\c99\common\snprintf.c
		_snprintf      		CODE           	3278	0000	48

C:\Program Files\Microchip\xc8\v2.31\pic\sources\c99\common\snprintf.c estimated size: 48

C:\Program Files\Microchip\xc8\v2.31\pic\sources\c99\common\isupper.c
		_isupper       		CODE           	31D2	0000	56

C:\Program Files\Microchip\xc8\v2.31\pic\sources\c99\common\isupper.c estimated size: 56

C:\Program Files\Microchip\xc8\v2.31\pic\sources\c99\common\lodiv.c
		___lodiv       		CODE           	294A	0000	240

C:\Program Files\Microchip\xc8\v2.31\pic\sources\c99\common\lodiv.c estimated size: 240

C:\Program Files\Microchip\xc8\v2.31\pic\sources\c99\common\aodiv.c
		___aodiv       		CODE           	23BC	0000	392

C:\Program Files\Microchip\xc8\v2.31\pic\sources\c99\common\aodiv.c estimated size: 392

C:\Program Files\Microchip\xc8\v2.31\pic\sources\c99\common\nf_fputc.c
		_fputc         		CODE           	2CC0	0000	202

C:\Program Files\Microchip\xc8\v2.31\pic\sources\c99\common\nf_fputc.c estimated size: 202

shared
		__initialization		CODE           	30A2	0000	56

shared estimated size: 56

C:\Program Files\Microchip\xc8\v2.31\pic\sources\c99\common\islower.c
		_islower       		CODE           	319A	0000	56

C:\Program Files\Microchip\xc8\v2.31\pic\sources\c99\common\islower.c estimated size: 56

C:\Program Files\Microchip\xc8\v2.31\pic\sources\c99\common\doprnt.c
		_vfpfcnvrt     		CODE           	0650	0000	4658
		_pad           		CODE           	2D8A	0000	198
		_ctoa          		CODE           	2B18	0000	216
		_dtoa          		CODE           	1882	0000	738
		_vfprintf      		CODE           	2EEE	0000	98
		_otoa          		CODE           	203E	0000	494
		_stoa          		CODE           	2544	0000	390
		_utoa          		CODE           	1E3C	0000	514
		_xtoa          		CODE           	1B64	0000	728

C:\Program Files\Microchip\xc8\v2.31\pic\sources\c99\common\doprnt.c estimated size: 8034

C:\Program Files\Microchip\xc8\v2.31\pic\sources\c99\common\toupper.c
		_toupper       		CODE           	2F50	0000	94

C:\Program Files\Microchip\xc8\v2.31\pic\sources\c99\common\toupper.c estimated size: 94

Test.c
		_PORT_Initialize		CODE           	332C	0000	6
		_main          		CODE           	2E50	0000	158
		_CLK_intialize 		CODE           	3318	0000	12

Test.c estimated size: 176

C:\Program Files\Microchip\xc8\v2.31\pic\sources\c99\common\isalpha.c
		_isalpha       		CODE           	3124	0000	60

C:\Program Files\Microchip\xc8\v2.31\pic\sources\c99\common\isalpha.c estimated size: 60

C:\Program Files\Microchip\xc8\v2.31\pic\sources\c99\common\nf_vsnprintf.c
		_vsnprintf     		CODE           	282E	0000	284

C:\Program Files\Microchip\xc8\v2.31\pic\sources\c99\common\nf_vsnprintf.c estimated size: 284

C:\Program Files\Microchip\xc8\v2.31\pic\sources\c99\common\isspace.c
		_isspace       		CODE           	300C	0000	82

C:\Program Files\Microchip\xc8\v2.31\pic\sources\c99\common\isspace.c estimated size: 82

C:\Program Files\Microchip\xc8\v2.31\pic\sources\c99\common\Umul16.c
		___wmul        		CODE           	32A8	0000	38

C:\Program Files\Microchip\xc8\v2.31\pic\sources\c99\common\Umul16.c estimated size: 38

C:\Program Files\Microchip\xc8\v2.31\pic\sources\c99\common\strncmp.c
		_strncmp       		CODE           	2A3A	0000	222

C:\Program Files\Microchip\xc8\v2.31\pic\sources\c99\common\strncmp.c estimated size: 222

